Archive member included to satisfy reference by file (symbol)

/usr/lib/gcc/arm-none-eabi/9.2.1/../../../arm-none-eabi/lib/thumb/v6-m/nofp/libc_nano.a(lib_a-atexit.o)
                              /usr/lib/gcc/arm-none-eabi/9.2.1/../../../arm-none-eabi/lib/thumb/v6-m/nofp/crt0.o (atexit)
/usr/lib/gcc/arm-none-eabi/9.2.1/../../../arm-none-eabi/lib/thumb/v6-m/nofp/libc_nano.a(lib_a-exit.o)
                              /usr/lib/gcc/arm-none-eabi/9.2.1/../../../arm-none-eabi/lib/thumb/v6-m/nofp/crt0.o (exit)
/usr/lib/gcc/arm-none-eabi/9.2.1/../../../arm-none-eabi/lib/thumb/v6-m/nofp/libc_nano.a(lib_a-fini.o)
                              /usr/lib/gcc/arm-none-eabi/9.2.1/../../../arm-none-eabi/lib/thumb/v6-m/nofp/crt0.o (__libc_fini_array)
/usr/lib/gcc/arm-none-eabi/9.2.1/../../../arm-none-eabi/lib/thumb/v6-m/nofp/libc_nano.a(lib_a-impure.o)
                              /usr/lib/gcc/arm-none-eabi/9.2.1/../../../arm-none-eabi/lib/thumb/v6-m/nofp/libc_nano.a(lib_a-exit.o) (_global_impure_ptr)
/usr/lib/gcc/arm-none-eabi/9.2.1/../../../arm-none-eabi/lib/thumb/v6-m/nofp/libc_nano.a(lib_a-init.o)
                              /usr/lib/gcc/arm-none-eabi/9.2.1/../../../arm-none-eabi/lib/thumb/v6-m/nofp/crt0.o (__libc_init_array)
/usr/lib/gcc/arm-none-eabi/9.2.1/../../../arm-none-eabi/lib/thumb/v6-m/nofp/libc_nano.a(lib_a-memset.o)
                              /usr/lib/gcc/arm-none-eabi/9.2.1/../../../arm-none-eabi/lib/thumb/v6-m/nofp/crt0.o (memset)
/usr/lib/gcc/arm-none-eabi/9.2.1/../../../arm-none-eabi/lib/thumb/v6-m/nofp/libc_nano.a(lib_a-__atexit.o)
                              /usr/lib/gcc/arm-none-eabi/9.2.1/../../../arm-none-eabi/lib/thumb/v6-m/nofp/libc_nano.a(lib_a-atexit.o) (__register_exitproc)
/usr/lib/gcc/arm-none-eabi/9.2.1/../../../arm-none-eabi/lib/thumb/v6-m/nofp/libc_nano.a(lib_a-__call_atexit.o)
                              /usr/lib/gcc/arm-none-eabi/9.2.1/../../../arm-none-eabi/lib/thumb/v6-m/nofp/libc_nano.a(lib_a-__atexit.o) (__call_exitprocs)
/usr/lib/gcc/arm-none-eabi/9.2.1/thumb/v6-m/nofp/libgcc.a(_thumb1_case_uqi.o)
                              build/main.o (__gnu_thumb1_case_uqi)
/usr/lib/gcc/arm-none-eabi/9.2.1/thumb/v6-m/nofp/libgcc.a(_udivsi3.o)
                              build/main.o (__aeabi_uidiv)
/usr/lib/gcc/arm-none-eabi/9.2.1/thumb/v6-m/nofp/libgcc.a(_divsi3.o)
                              build/main.o (__aeabi_idiv)
/usr/lib/gcc/arm-none-eabi/9.2.1/thumb/v6-m/nofp/libgcc.a(_dvmd_tls.o)
                              /usr/lib/gcc/arm-none-eabi/9.2.1/thumb/v6-m/nofp/libgcc.a(_udivsi3.o) (__aeabi_idiv0)
/usr/lib/gcc/arm-none-eabi/9.2.1/../../../arm-none-eabi/lib/thumb/v6-m/nofp/libnosys.a(_exit.o)
                              /usr/lib/gcc/arm-none-eabi/9.2.1/../../../arm-none-eabi/lib/thumb/v6-m/nofp/libc_nano.a(lib_a-exit.o) (_exit)

Discarded input sections

 .text          0x0000000000000000        0x0 /usr/lib/gcc/arm-none-eabi/9.2.1/thumb/v6-m/nofp/crti.o
 .data          0x0000000000000000        0x0 /usr/lib/gcc/arm-none-eabi/9.2.1/thumb/v6-m/nofp/crti.o
 .bss           0x0000000000000000        0x0 /usr/lib/gcc/arm-none-eabi/9.2.1/thumb/v6-m/nofp/crti.o
 .data          0x0000000000000000        0x4 /usr/lib/gcc/arm-none-eabi/9.2.1/thumb/v6-m/nofp/crtbegin.o
 .text          0x0000000000000000       0x74 /usr/lib/gcc/arm-none-eabi/9.2.1/../../../arm-none-eabi/lib/thumb/v6-m/nofp/crt0.o
 .data          0x0000000000000000        0x0 /usr/lib/gcc/arm-none-eabi/9.2.1/../../../arm-none-eabi/lib/thumb/v6-m/nofp/crt0.o
 .bss           0x0000000000000000        0x0 /usr/lib/gcc/arm-none-eabi/9.2.1/../../../arm-none-eabi/lib/thumb/v6-m/nofp/crt0.o
 .ARM.extab     0x0000000000000000        0x0 /usr/lib/gcc/arm-none-eabi/9.2.1/../../../arm-none-eabi/lib/thumb/v6-m/nofp/crt0.o
 .ARM.exidx     0x0000000000000000       0x10 /usr/lib/gcc/arm-none-eabi/9.2.1/../../../arm-none-eabi/lib/thumb/v6-m/nofp/crt0.o
 .debug_line    0x0000000000000000       0x8c /usr/lib/gcc/arm-none-eabi/9.2.1/../../../arm-none-eabi/lib/thumb/v6-m/nofp/crt0.o
 .debug_info    0x0000000000000000       0x26 /usr/lib/gcc/arm-none-eabi/9.2.1/../../../arm-none-eabi/lib/thumb/v6-m/nofp/crt0.o
 .debug_abbrev  0x0000000000000000       0x14 /usr/lib/gcc/arm-none-eabi/9.2.1/../../../arm-none-eabi/lib/thumb/v6-m/nofp/crt0.o
 .debug_aranges
                0x0000000000000000       0x20 /usr/lib/gcc/arm-none-eabi/9.2.1/../../../arm-none-eabi/lib/thumb/v6-m/nofp/crt0.o
 .debug_str     0x0000000000000000       0x94 /usr/lib/gcc/arm-none-eabi/9.2.1/../../../arm-none-eabi/lib/thumb/v6-m/nofp/crt0.o
 .ARM.attributes
                0x0000000000000000       0x1b /usr/lib/gcc/arm-none-eabi/9.2.1/../../../arm-none-eabi/lib/thumb/v6-m/nofp/crt0.o
 .group         0x0000000000000000        0x8 build/main.o
 .group         0x0000000000000000        0x8 build/main.o
 .group         0x0000000000000000        0xc build/main.o
 .group         0x0000000000000000        0x8 build/main.o
 .group         0x0000000000000000        0xc build/main.o
 .group         0x0000000000000000        0xc build/main.o
 .group         0x0000000000000000        0xc build/main.o
 .group         0x0000000000000000        0xc build/main.o
 .group         0x0000000000000000        0xc build/main.o
 .group         0x0000000000000000        0xc build/main.o
 .group         0x0000000000000000        0xc build/main.o
 .group         0x0000000000000000        0xc build/main.o
 .group         0x0000000000000000        0xc build/main.o
 .group         0x0000000000000000        0xc build/main.o
 .group         0x0000000000000000        0x8 build/main.o
 .group         0x0000000000000000        0x8 build/main.o
 .group         0x0000000000000000        0x8 build/main.o
 .group         0x0000000000000000        0x8 build/main.o
 .group         0x0000000000000000        0x8 build/main.o
 .group         0x0000000000000000        0x8 build/main.o
 .group         0x0000000000000000        0x8 build/main.o
 .group         0x0000000000000000        0x8 build/main.o
 .group         0x0000000000000000        0x8 build/main.o
 .group         0x0000000000000000        0x8 build/main.o
 .group         0x0000000000000000        0x8 build/main.o
 .group         0x0000000000000000        0x8 build/main.o
 .group         0x0000000000000000        0x8 build/main.o
 .group         0x0000000000000000        0x8 build/main.o
 .group         0x0000000000000000        0x8 build/main.o
 .group         0x0000000000000000        0x8 build/main.o
 .group         0x0000000000000000        0x8 build/main.o
 .group         0x0000000000000000        0x8 build/main.o
 .group         0x0000000000000000        0x8 build/main.o
 .group         0x0000000000000000        0x8 build/main.o
 .group         0x0000000000000000        0x8 build/main.o
 .group         0x0000000000000000        0x8 build/main.o
 .group         0x0000000000000000        0x8 build/main.o
 .group         0x0000000000000000        0x8 build/main.o
 .group         0x0000000000000000        0x8 build/main.o
 .group         0x0000000000000000        0x8 build/main.o
 .group         0x0000000000000000        0x8 build/main.o
 .group         0x0000000000000000        0x8 build/main.o
 .group         0x0000000000000000        0x8 build/main.o
 .group         0x0000000000000000        0x8 build/main.o
 .group         0x0000000000000000        0x8 build/main.o
 .group         0x0000000000000000        0x8 build/main.o
 .text          0x0000000000000000        0x0 build/main.o
 .data          0x0000000000000000        0x0 build/main.o
 .bss           0x0000000000000000        0x0 build/main.o
 .text._ZN11ADC_average9interruptEv
                0x0000000000000000       0x46 build/main.o
 .text._ZN3mcu5FLASH6unlockEv
                0x0000000000000000       0x18 build/main.o
 .text._ZN3mcu5FLASH11start_eraseENS0_6SectorE
                0x0000000000000000       0x24 build/main.o
 .text._ZN5Timer5eventEv
                0x0000000000000000       0x12 build/main.o
 .text._ZN5Timer4doneEv
                0x0000000000000000        0xe build/main.o
 .text._ZN5Timer7isCountEv
                0x0000000000000000        0x4 build/main.o
 .text._ZN5Timer10timePassedEv
                0x0000000000000000        0x4 build/main.o
 .text._ZN5Timer8timeLeftEv
                0x0000000000000000        0x8 build/main.o
 .text._ZN5Timer9isGreaterEm
                0x0000000000000000        0xa build/main.o
 .text._ZN5Timer5pauseEv
                0x0000000000000000        0x8 build/main.o
 .text._ZN5Timer5startEm
                0x0000000000000000        0xa build/main.o
 .text._ZN5Timer5startEv
                0x0000000000000000        0x8 build/main.o
 .text._ZN3mcu3DMA21clear_interrupt_flagsENS0_7ChannelE
                0x0000000000000000        0xe build/main.o
 .text._ZN3mcu3DMA30is_transfer_complete_interruptENS0_7ChannelE
                0x0000000000000000       0x16 build/main.o
 .text._ZN3mcu5USART3setENS0_8BaudrateENS_6PeriphE
                0x0000000000000000       0x88 build/main.o
 .text._ZN3mcu3TIM14compare_enableENS0_7ChannelE
                0x0000000000000000       0x32 build/main.o
 .text._ZN3mcu3TIM15compare_disableENS0_7ChannelE
                0x0000000000000000       0x38 build/main.o
 .text._ZN3mcu3TIM16interrupt_enableENS0_7ChannelE
                0x0000000000000000       0x2c build/main.o
 .text._ZN3mcu3TIM10is_compareENS0_7ChannelE
                0x0000000000000000       0x2e build/main.o
 .text._ZN3mcu4EXTI11set_triggerENS0_4EdgeEib
                0x0000000000000000       0x38 build/main.o
 .text._ZN3mcu4EXTI14toggle_triggerENS0_4EdgeEi
                0x0000000000000000       0x22 build/main.o
 .text._ZN3mcu4EXTI21clear_interrupt_flagsEi
                0x0000000000000000       0x34 build/main.o
 .text._ZN11ADC_average5startEv
                0x0000000000000000       0x38 build/main.o
 .rodata._ZTV11ADC_average
                0x0000000000000000        0xc build/main.o
 .text          0x0000000000000000       0x14 build/startup_stm32f030x6.o
 .data          0x0000000000000000        0x0 build/startup_stm32f030x6.o
 .bss           0x0000000000000000        0x0 build/startup_stm32f030x6.o
 .text          0x0000000000000000       0x10 /usr/lib/gcc/arm-none-eabi/9.2.1/../../../arm-none-eabi/lib/thumb/v6-m/nofp/libc_nano.a(lib_a-atexit.o)
 .data          0x0000000000000000        0x0 /usr/lib/gcc/arm-none-eabi/9.2.1/../../../arm-none-eabi/lib/thumb/v6-m/nofp/libc_nano.a(lib_a-atexit.o)
 .bss           0x0000000000000000        0x0 /usr/lib/gcc/arm-none-eabi/9.2.1/../../../arm-none-eabi/lib/thumb/v6-m/nofp/libc_nano.a(lib_a-atexit.o)
 .debug_info    0x0000000000000000      0x995 /usr/lib/gcc/arm-none-eabi/9.2.1/../../../arm-none-eabi/lib/thumb/v6-m/nofp/libc_nano.a(lib_a-atexit.o)
 .debug_abbrev  0x0000000000000000      0x1f1 /usr/lib/gcc/arm-none-eabi/9.2.1/../../../arm-none-eabi/lib/thumb/v6-m/nofp/libc_nano.a(lib_a-atexit.o)
 .debug_loc     0x0000000000000000       0x32 /usr/lib/gcc/arm-none-eabi/9.2.1/../../../arm-none-eabi/lib/thumb/v6-m/nofp/libc_nano.a(lib_a-atexit.o)
 .debug_aranges
                0x0000000000000000       0x20 /usr/lib/gcc/arm-none-eabi/9.2.1/../../../arm-none-eabi/lib/thumb/v6-m/nofp/libc_nano.a(lib_a-atexit.o)
 .debug_line    0x0000000000000000      0x152 /usr/lib/gcc/arm-none-eabi/9.2.1/../../../arm-none-eabi/lib/thumb/v6-m/nofp/libc_nano.a(lib_a-atexit.o)
 .debug_str     0x0000000000000000      0x626 /usr/lib/gcc/arm-none-eabi/9.2.1/../../../arm-none-eabi/lib/thumb/v6-m/nofp/libc_nano.a(lib_a-atexit.o)
 .comment       0x0000000000000000       0x4f /usr/lib/gcc/arm-none-eabi/9.2.1/../../../arm-none-eabi/lib/thumb/v6-m/nofp/libc_nano.a(lib_a-atexit.o)
 .debug_frame   0x0000000000000000       0x28 /usr/lib/gcc/arm-none-eabi/9.2.1/../../../arm-none-eabi/lib/thumb/v6-m/nofp/libc_nano.a(lib_a-atexit.o)
 .ARM.attributes
                0x0000000000000000       0x2c /usr/lib/gcc/arm-none-eabi/9.2.1/../../../arm-none-eabi/lib/thumb/v6-m/nofp/libc_nano.a(lib_a-atexit.o)
 .text          0x0000000000000000       0x2c /usr/lib/gcc/arm-none-eabi/9.2.1/../../../arm-none-eabi/lib/thumb/v6-m/nofp/libc_nano.a(lib_a-exit.o)
 .data          0x0000000000000000        0x0 /usr/lib/gcc/arm-none-eabi/9.2.1/../../../arm-none-eabi/lib/thumb/v6-m/nofp/libc_nano.a(lib_a-exit.o)
 .bss           0x0000000000000000        0x0 /usr/lib/gcc/arm-none-eabi/9.2.1/../../../arm-none-eabi/lib/thumb/v6-m/nofp/libc_nano.a(lib_a-exit.o)
 .debug_info    0x0000000000000000      0x9e7 /usr/lib/gcc/arm-none-eabi/9.2.1/../../../arm-none-eabi/lib/thumb/v6-m/nofp/libc_nano.a(lib_a-exit.o)
 .debug_abbrev  0x0000000000000000      0x1f6 /usr/lib/gcc/arm-none-eabi/9.2.1/../../../arm-none-eabi/lib/thumb/v6-m/nofp/libc_nano.a(lib_a-exit.o)
 .debug_loc     0x0000000000000000       0x22 /usr/lib/gcc/arm-none-eabi/9.2.1/../../../arm-none-eabi/lib/thumb/v6-m/nofp/libc_nano.a(lib_a-exit.o)
 .debug_aranges
                0x0000000000000000       0x20 /usr/lib/gcc/arm-none-eabi/9.2.1/../../../arm-none-eabi/lib/thumb/v6-m/nofp/libc_nano.a(lib_a-exit.o)
 .debug_line    0x0000000000000000      0x16a /usr/lib/gcc/arm-none-eabi/9.2.1/../../../arm-none-eabi/lib/thumb/v6-m/nofp/libc_nano.a(lib_a-exit.o)
 .debug_str     0x0000000000000000      0x627 /usr/lib/gcc/arm-none-eabi/9.2.1/../../../arm-none-eabi/lib/thumb/v6-m/nofp/libc_nano.a(lib_a-exit.o)
 .comment       0x0000000000000000       0x4f /usr/lib/gcc/arm-none-eabi/9.2.1/../../../arm-none-eabi/lib/thumb/v6-m/nofp/libc_nano.a(lib_a-exit.o)
 .debug_frame   0x0000000000000000       0x28 /usr/lib/gcc/arm-none-eabi/9.2.1/../../../arm-none-eabi/lib/thumb/v6-m/nofp/libc_nano.a(lib_a-exit.o)
 .ARM.attributes
                0x0000000000000000       0x2c /usr/lib/gcc/arm-none-eabi/9.2.1/../../../arm-none-eabi/lib/thumb/v6-m/nofp/libc_nano.a(lib_a-exit.o)
 .text          0x0000000000000000       0x28 /usr/lib/gcc/arm-none-eabi/9.2.1/../../../arm-none-eabi/lib/thumb/v6-m/nofp/libc_nano.a(lib_a-fini.o)
 .data          0x0000000000000000        0x0 /usr/lib/gcc/arm-none-eabi/9.2.1/../../../arm-none-eabi/lib/thumb/v6-m/nofp/libc_nano.a(lib_a-fini.o)
 .bss           0x0000000000000000        0x0 /usr/lib/gcc/arm-none-eabi/9.2.1/../../../arm-none-eabi/lib/thumb/v6-m/nofp/libc_nano.a(lib_a-fini.o)
 .debug_info    0x0000000000000000      0x102 /usr/lib/gcc/arm-none-eabi/9.2.1/../../../arm-none-eabi/lib/thumb/v6-m/nofp/libc_nano.a(lib_a-fini.o)
 .debug_abbrev  0x0000000000000000       0xcc /usr/lib/gcc/arm-none-eabi/9.2.1/../../../arm-none-eabi/lib/thumb/v6-m/nofp/libc_nano.a(lib_a-fini.o)
 .debug_loc     0x0000000000000000       0x46 /usr/lib/gcc/arm-none-eabi/9.2.1/../../../arm-none-eabi/lib/thumb/v6-m/nofp/libc_nano.a(lib_a-fini.o)
 .debug_aranges
                0x0000000000000000       0x20 /usr/lib/gcc/arm-none-eabi/9.2.1/../../../arm-none-eabi/lib/thumb/v6-m/nofp/libc_nano.a(lib_a-fini.o)
 .debug_line    0x0000000000000000       0xd4 /usr/lib/gcc/arm-none-eabi/9.2.1/../../../arm-none-eabi/lib/thumb/v6-m/nofp/libc_nano.a(lib_a-fini.o)
 .debug_str     0x0000000000000000      0x1f8 /usr/lib/gcc/arm-none-eabi/9.2.1/../../../arm-none-eabi/lib/thumb/v6-m/nofp/libc_nano.a(lib_a-fini.o)
 .comment       0x0000000000000000       0x4f /usr/lib/gcc/arm-none-eabi/9.2.1/../../../arm-none-eabi/lib/thumb/v6-m/nofp/libc_nano.a(lib_a-fini.o)
 .debug_frame   0x0000000000000000       0x2c /usr/lib/gcc/arm-none-eabi/9.2.1/../../../arm-none-eabi/lib/thumb/v6-m/nofp/libc_nano.a(lib_a-fini.o)
 .ARM.attributes
                0x0000000000000000       0x2c /usr/lib/gcc/arm-none-eabi/9.2.1/../../../arm-none-eabi/lib/thumb/v6-m/nofp/libc_nano.a(lib_a-fini.o)
 .text          0x0000000000000000        0x0 /usr/lib/gcc/arm-none-eabi/9.2.1/../../../arm-none-eabi/lib/thumb/v6-m/nofp/libc_nano.a(lib_a-impure.o)
 .data          0x0000000000000000       0x64 /usr/lib/gcc/arm-none-eabi/9.2.1/../../../arm-none-eabi/lib/thumb/v6-m/nofp/libc_nano.a(lib_a-impure.o)
 .bss           0x0000000000000000        0x0 /usr/lib/gcc/arm-none-eabi/9.2.1/../../../arm-none-eabi/lib/thumb/v6-m/nofp/libc_nano.a(lib_a-impure.o)
 .rodata        0x0000000000000000        0x4 /usr/lib/gcc/arm-none-eabi/9.2.1/../../../arm-none-eabi/lib/thumb/v6-m/nofp/libc_nano.a(lib_a-impure.o)
 .debug_info    0x0000000000000000      0x92a /usr/lib/gcc/arm-none-eabi/9.2.1/../../../arm-none-eabi/lib/thumb/v6-m/nofp/libc_nano.a(lib_a-impure.o)
 .debug_abbrev  0x0000000000000000      0x17a /usr/lib/gcc/arm-none-eabi/9.2.1/../../../arm-none-eabi/lib/thumb/v6-m/nofp/libc_nano.a(lib_a-impure.o)
 .debug_aranges
                0x0000000000000000       0x18 /usr/lib/gcc/arm-none-eabi/9.2.1/../../../arm-none-eabi/lib/thumb/v6-m/nofp/libc_nano.a(lib_a-impure.o)
 .debug_line    0x0000000000000000       0xe3 /usr/lib/gcc/arm-none-eabi/9.2.1/../../../arm-none-eabi/lib/thumb/v6-m/nofp/libc_nano.a(lib_a-impure.o)
 .debug_str     0x0000000000000000      0x5db /usr/lib/gcc/arm-none-eabi/9.2.1/../../../arm-none-eabi/lib/thumb/v6-m/nofp/libc_nano.a(lib_a-impure.o)
 .comment       0x0000000000000000       0x4f /usr/lib/gcc/arm-none-eabi/9.2.1/../../../arm-none-eabi/lib/thumb/v6-m/nofp/libc_nano.a(lib_a-impure.o)
 .ARM.attributes
                0x0000000000000000       0x2c /usr/lib/gcc/arm-none-eabi/9.2.1/../../../arm-none-eabi/lib/thumb/v6-m/nofp/libc_nano.a(lib_a-impure.o)
 .data          0x0000000000000000        0x0 /usr/lib/gcc/arm-none-eabi/9.2.1/../../../arm-none-eabi/lib/thumb/v6-m/nofp/libc_nano.a(lib_a-init.o)
 .bss           0x0000000000000000        0x0 /usr/lib/gcc/arm-none-eabi/9.2.1/../../../arm-none-eabi/lib/thumb/v6-m/nofp/libc_nano.a(lib_a-init.o)
 .data          0x0000000000000000        0x0 /usr/lib/gcc/arm-none-eabi/9.2.1/../../../arm-none-eabi/lib/thumb/v6-m/nofp/libc_nano.a(lib_a-memset.o)
 .bss           0x0000000000000000        0x0 /usr/lib/gcc/arm-none-eabi/9.2.1/../../../arm-none-eabi/lib/thumb/v6-m/nofp/libc_nano.a(lib_a-memset.o)
 .text          0x0000000000000000       0xdc /usr/lib/gcc/arm-none-eabi/9.2.1/../../../arm-none-eabi/lib/thumb/v6-m/nofp/libc_nano.a(lib_a-__atexit.o)
 .data          0x0000000000000000        0x4 /usr/lib/gcc/arm-none-eabi/9.2.1/../../../arm-none-eabi/lib/thumb/v6-m/nofp/libc_nano.a(lib_a-__atexit.o)
 .bss           0x0000000000000000       0x8c /usr/lib/gcc/arm-none-eabi/9.2.1/../../../arm-none-eabi/lib/thumb/v6-m/nofp/libc_nano.a(lib_a-__atexit.o)
 .debug_info    0x0000000000000000      0xa3c /usr/lib/gcc/arm-none-eabi/9.2.1/../../../arm-none-eabi/lib/thumb/v6-m/nofp/libc_nano.a(lib_a-__atexit.o)
 .debug_abbrev  0x0000000000000000      0x261 /usr/lib/gcc/arm-none-eabi/9.2.1/../../../arm-none-eabi/lib/thumb/v6-m/nofp/libc_nano.a(lib_a-__atexit.o)
 .debug_loc     0x0000000000000000      0x1db /usr/lib/gcc/arm-none-eabi/9.2.1/../../../arm-none-eabi/lib/thumb/v6-m/nofp/libc_nano.a(lib_a-__atexit.o)
 .debug_aranges
                0x0000000000000000       0x20 /usr/lib/gcc/arm-none-eabi/9.2.1/../../../arm-none-eabi/lib/thumb/v6-m/nofp/libc_nano.a(lib_a-__atexit.o)
 .debug_line    0x0000000000000000      0x247 /usr/lib/gcc/arm-none-eabi/9.2.1/../../../arm-none-eabi/lib/thumb/v6-m/nofp/libc_nano.a(lib_a-__atexit.o)
 .debug_str     0x0000000000000000      0x679 /usr/lib/gcc/arm-none-eabi/9.2.1/../../../arm-none-eabi/lib/thumb/v6-m/nofp/libc_nano.a(lib_a-__atexit.o)
 .comment       0x0000000000000000       0x4f /usr/lib/gcc/arm-none-eabi/9.2.1/../../../arm-none-eabi/lib/thumb/v6-m/nofp/libc_nano.a(lib_a-__atexit.o)
 .debug_frame   0x0000000000000000       0x3c /usr/lib/gcc/arm-none-eabi/9.2.1/../../../arm-none-eabi/lib/thumb/v6-m/nofp/libc_nano.a(lib_a-__atexit.o)
 .ARM.attributes
                0x0000000000000000       0x2c /usr/lib/gcc/arm-none-eabi/9.2.1/../../../arm-none-eabi/lib/thumb/v6-m/nofp/libc_nano.a(lib_a-__atexit.o)
 .text          0x0000000000000000       0xbc /usr/lib/gcc/arm-none-eabi/9.2.1/../../../arm-none-eabi/lib/thumb/v6-m/nofp/libc_nano.a(lib_a-__call_atexit.o)
 .data          0x0000000000000000        0x0 /usr/lib/gcc/arm-none-eabi/9.2.1/../../../arm-none-eabi/lib/thumb/v6-m/nofp/libc_nano.a(lib_a-__call_atexit.o)
 .bss           0x0000000000000000        0x4 /usr/lib/gcc/arm-none-eabi/9.2.1/../../../arm-none-eabi/lib/thumb/v6-m/nofp/libc_nano.a(lib_a-__call_atexit.o)
 .debug_info    0x0000000000000000      0xa10 /usr/lib/gcc/arm-none-eabi/9.2.1/../../../arm-none-eabi/lib/thumb/v6-m/nofp/libc_nano.a(lib_a-__call_atexit.o)
 .debug_abbrev  0x0000000000000000      0x237 /usr/lib/gcc/arm-none-eabi/9.2.1/../../../arm-none-eabi/lib/thumb/v6-m/nofp/libc_nano.a(lib_a-__call_atexit.o)
 .debug_loc     0x0000000000000000      0x165 /usr/lib/gcc/arm-none-eabi/9.2.1/../../../arm-none-eabi/lib/thumb/v6-m/nofp/libc_nano.a(lib_a-__call_atexit.o)
 .debug_aranges
                0x0000000000000000       0x20 /usr/lib/gcc/arm-none-eabi/9.2.1/../../../arm-none-eabi/lib/thumb/v6-m/nofp/libc_nano.a(lib_a-__call_atexit.o)
 .debug_ranges  0x0000000000000000       0x20 /usr/lib/gcc/arm-none-eabi/9.2.1/../../../arm-none-eabi/lib/thumb/v6-m/nofp/libc_nano.a(lib_a-__call_atexit.o)
 .debug_line    0x0000000000000000      0x242 /usr/lib/gcc/arm-none-eabi/9.2.1/../../../arm-none-eabi/lib/thumb/v6-m/nofp/libc_nano.a(lib_a-__call_atexit.o)
 .debug_str     0x0000000000000000      0x624 /usr/lib/gcc/arm-none-eabi/9.2.1/../../../arm-none-eabi/lib/thumb/v6-m/nofp/libc_nano.a(lib_a-__call_atexit.o)
 .comment       0x0000000000000000       0x4f /usr/lib/gcc/arm-none-eabi/9.2.1/../../../arm-none-eabi/lib/thumb/v6-m/nofp/libc_nano.a(lib_a-__call_atexit.o)
 .debug_frame   0x0000000000000000       0x3c /usr/lib/gcc/arm-none-eabi/9.2.1/../../../arm-none-eabi/lib/thumb/v6-m/nofp/libc_nano.a(lib_a-__call_atexit.o)
 .ARM.attributes
                0x0000000000000000       0x2c /usr/lib/gcc/arm-none-eabi/9.2.1/../../../arm-none-eabi/lib/thumb/v6-m/nofp/libc_nano.a(lib_a-__call_atexit.o)
 .text          0x0000000000000000       0x14 /usr/lib/gcc/arm-none-eabi/9.2.1/thumb/v6-m/nofp/libgcc.a(_thumb1_case_uqi.o)
 .data          0x0000000000000000        0x0 /usr/lib/gcc/arm-none-eabi/9.2.1/thumb/v6-m/nofp/libgcc.a(_thumb1_case_uqi.o)
 .bss           0x0000000000000000        0x0 /usr/lib/gcc/arm-none-eabi/9.2.1/thumb/v6-m/nofp/libgcc.a(_thumb1_case_uqi.o)
 .debug_line    0x0000000000000000       0x68 /usr/lib/gcc/arm-none-eabi/9.2.1/thumb/v6-m/nofp/libgcc.a(_thumb1_case_uqi.o)
 .debug_info    0x0000000000000000       0x26 /usr/lib/gcc/arm-none-eabi/9.2.1/thumb/v6-m/nofp/libgcc.a(_thumb1_case_uqi.o)
 .debug_abbrev  0x0000000000000000       0x14 /usr/lib/gcc/arm-none-eabi/9.2.1/thumb/v6-m/nofp/libgcc.a(_thumb1_case_uqi.o)
 .debug_aranges
                0x0000000000000000       0x20 /usr/lib/gcc/arm-none-eabi/9.2.1/thumb/v6-m/nofp/libgcc.a(_thumb1_case_uqi.o)
 .debug_str     0x0000000000000000       0xa3 /usr/lib/gcc/arm-none-eabi/9.2.1/thumb/v6-m/nofp/libgcc.a(_thumb1_case_uqi.o)
 .ARM.attributes
                0x0000000000000000       0x1e /usr/lib/gcc/arm-none-eabi/9.2.1/thumb/v6-m/nofp/libgcc.a(_thumb1_case_uqi.o)
 .data          0x0000000000000000        0x0 /usr/lib/gcc/arm-none-eabi/9.2.1/thumb/v6-m/nofp/libgcc.a(_udivsi3.o)
 .bss           0x0000000000000000        0x0 /usr/lib/gcc/arm-none-eabi/9.2.1/thumb/v6-m/nofp/libgcc.a(_udivsi3.o)
 .data          0x0000000000000000        0x0 /usr/lib/gcc/arm-none-eabi/9.2.1/thumb/v6-m/nofp/libgcc.a(_divsi3.o)
 .bss           0x0000000000000000        0x0 /usr/lib/gcc/arm-none-eabi/9.2.1/thumb/v6-m/nofp/libgcc.a(_divsi3.o)
 .data          0x0000000000000000        0x0 /usr/lib/gcc/arm-none-eabi/9.2.1/thumb/v6-m/nofp/libgcc.a(_dvmd_tls.o)
 .bss           0x0000000000000000        0x0 /usr/lib/gcc/arm-none-eabi/9.2.1/thumb/v6-m/nofp/libgcc.a(_dvmd_tls.o)
 .text          0x0000000000000000        0x4 /usr/lib/gcc/arm-none-eabi/9.2.1/../../../arm-none-eabi/lib/thumb/v6-m/nofp/libnosys.a(_exit.o)
 .data          0x0000000000000000        0x0 /usr/lib/gcc/arm-none-eabi/9.2.1/../../../arm-none-eabi/lib/thumb/v6-m/nofp/libnosys.a(_exit.o)
 .bss           0x0000000000000000        0x0 /usr/lib/gcc/arm-none-eabi/9.2.1/../../../arm-none-eabi/lib/thumb/v6-m/nofp/libnosys.a(_exit.o)
 .debug_info    0x0000000000000000       0xa3 /usr/lib/gcc/arm-none-eabi/9.2.1/../../../arm-none-eabi/lib/thumb/v6-m/nofp/libnosys.a(_exit.o)
 .debug_abbrev  0x0000000000000000       0x6a /usr/lib/gcc/arm-none-eabi/9.2.1/../../../arm-none-eabi/lib/thumb/v6-m/nofp/libnosys.a(_exit.o)
 .debug_loc     0x0000000000000000       0x15 /usr/lib/gcc/arm-none-eabi/9.2.1/../../../arm-none-eabi/lib/thumb/v6-m/nofp/libnosys.a(_exit.o)
 .debug_aranges
                0x0000000000000000       0x20 /usr/lib/gcc/arm-none-eabi/9.2.1/../../../arm-none-eabi/lib/thumb/v6-m/nofp/libnosys.a(_exit.o)
 .debug_line    0x0000000000000000       0x6e /usr/lib/gcc/arm-none-eabi/9.2.1/../../../arm-none-eabi/lib/thumb/v6-m/nofp/libnosys.a(_exit.o)
 .debug_str     0x0000000000000000      0x198 /usr/lib/gcc/arm-none-eabi/9.2.1/../../../arm-none-eabi/lib/thumb/v6-m/nofp/libnosys.a(_exit.o)
 .comment       0x0000000000000000       0x4f /usr/lib/gcc/arm-none-eabi/9.2.1/../../../arm-none-eabi/lib/thumb/v6-m/nofp/libnosys.a(_exit.o)
 .debug_frame   0x0000000000000000       0x20 /usr/lib/gcc/arm-none-eabi/9.2.1/../../../arm-none-eabi/lib/thumb/v6-m/nofp/libnosys.a(_exit.o)
 .ARM.attributes
                0x0000000000000000       0x2c /usr/lib/gcc/arm-none-eabi/9.2.1/../../../arm-none-eabi/lib/thumb/v6-m/nofp/libnosys.a(_exit.o)
 .text          0x0000000000000000        0x0 /usr/lib/gcc/arm-none-eabi/9.2.1/thumb/v6-m/nofp/crtend.o
 .data          0x0000000000000000        0x0 /usr/lib/gcc/arm-none-eabi/9.2.1/thumb/v6-m/nofp/crtend.o
 .bss           0x0000000000000000        0x0 /usr/lib/gcc/arm-none-eabi/9.2.1/thumb/v6-m/nofp/crtend.o
 .eh_frame      0x0000000000000000        0x4 /usr/lib/gcc/arm-none-eabi/9.2.1/thumb/v6-m/nofp/crtend.o
 .text          0x0000000000000000        0x0 /usr/lib/gcc/arm-none-eabi/9.2.1/thumb/v6-m/nofp/crtn.o
 .data          0x0000000000000000        0x0 /usr/lib/gcc/arm-none-eabi/9.2.1/thumb/v6-m/nofp/crtn.o
 .bss           0x0000000000000000        0x0 /usr/lib/gcc/arm-none-eabi/9.2.1/thumb/v6-m/nofp/crtn.o

Memory Configuration

Name             Origin             Length             Attributes
RAM              0x0000000020000000 0x0000000000001000 xrw
FLASH            0x0000000008000000 0x0000000000008000 xr
*default*        0x0000000000000000 0xffffffffffffffff

Linker script and memory map

LOAD /usr/lib/gcc/arm-none-eabi/9.2.1/thumb/v6-m/nofp/crti.o
LOAD /usr/lib/gcc/arm-none-eabi/9.2.1/thumb/v6-m/nofp/crtbegin.o
LOAD /usr/lib/gcc/arm-none-eabi/9.2.1/../../../arm-none-eabi/lib/thumb/v6-m/nofp/crt0.o
LOAD build/main.o
LOAD build/startup_stm32f030x6.o
LOAD /usr/lib/gcc/arm-none-eabi/9.2.1/../../../arm-none-eabi/lib/thumb/v6-m/nofp/libnosys.a
LOAD /usr/lib/gcc/arm-none-eabi/9.2.1/../../../arm-none-eabi/lib/thumb/v6-m/nofp/libstdc++_nano.a
LOAD /usr/lib/gcc/arm-none-eabi/9.2.1/../../../arm-none-eabi/lib/thumb/v6-m/nofp/libm.a
LOAD /usr/lib/gcc/arm-none-eabi/9.2.1/../../../arm-none-eabi/lib/thumb/v6-m/nofp/libc_nano.a
START GROUP
LOAD /usr/lib/gcc/arm-none-eabi/9.2.1/thumb/v6-m/nofp/libgcc.a
LOAD /usr/lib/gcc/arm-none-eabi/9.2.1/../../../arm-none-eabi/lib/thumb/v6-m/nofp/libc_nano.a
END GROUP
START GROUP
LOAD /usr/lib/gcc/arm-none-eabi/9.2.1/thumb/v6-m/nofp/libgcc.a
LOAD /usr/lib/gcc/arm-none-eabi/9.2.1/../../../arm-none-eabi/lib/thumb/v6-m/nofp/libc_nano.a
LOAD /usr/lib/gcc/arm-none-eabi/9.2.1/../../../arm-none-eabi/lib/thumb/v6-m/nofp/libnosys.a
END GROUP
START GROUP
LOAD /usr/lib/gcc/arm-none-eabi/9.2.1/thumb/v6-m/nofp/libgcc.a
LOAD /usr/lib/gcc/arm-none-eabi/9.2.1/../../../arm-none-eabi/lib/thumb/v6-m/nofp/libc_nano.a
LOAD /usr/lib/gcc/arm-none-eabi/9.2.1/../../../arm-none-eabi/lib/thumb/v6-m/nofp/libnosys.a
END GROUP
LOAD /usr/lib/gcc/arm-none-eabi/9.2.1/thumb/v6-m/nofp/crtend.o
LOAD /usr/lib/gcc/arm-none-eabi/9.2.1/thumb/v6-m/nofp/crtn.o
                0x0000000020001000                _estack = 0x20001000
                0x0000000000000200                _Min_Heap_Size = 0x200
                0x0000000000000400                _Min_Stack_Size = 0x400

.isr_vector     0x0000000008000000       0xc0
                0x0000000008000000                . = ALIGN (0x4)
 *(.isr_vector)
 .isr_vector    0x0000000008000000       0xc0 build/startup_stm32f030x6.o
                0x0000000008000000                g_pfnVectors
                0x00000000080000c0                . = ALIGN (0x4)

.text           0x00000000080000c0     0x1234
                0x00000000080000c0                . = ALIGN (0x4)
 *(.text)
 .text          0x00000000080000c0       0x98 /usr/lib/gcc/arm-none-eabi/9.2.1/thumb/v6-m/nofp/crtbegin.o
 .text          0x0000000008000158       0x44 /usr/lib/gcc/arm-none-eabi/9.2.1/../../../arm-none-eabi/lib/thumb/v6-m/nofp/libc_nano.a(lib_a-init.o)
                0x0000000008000158                __libc_init_array
 .text          0x000000000800019c       0xa8 /usr/lib/gcc/arm-none-eabi/9.2.1/../../../arm-none-eabi/lib/thumb/v6-m/nofp/libc_nano.a(lib_a-memset.o)
                0x000000000800019c                memset
 .text          0x0000000008000244      0x114 /usr/lib/gcc/arm-none-eabi/9.2.1/thumb/v6-m/nofp/libgcc.a(_udivsi3.o)
                0x0000000008000244                __udivsi3
                0x0000000008000244                __aeabi_uidiv
                0x0000000008000350                __aeabi_uidivmod
 .text          0x0000000008000358      0x1d4 /usr/lib/gcc/arm-none-eabi/9.2.1/thumb/v6-m/nofp/libgcc.a(_divsi3.o)
                0x0000000008000358                __aeabi_idiv
                0x0000000008000358                __divsi3
                0x0000000008000524                __aeabi_idivmod
 .text          0x000000000800052c        0x4 /usr/lib/gcc/arm-none-eabi/9.2.1/thumb/v6-m/nofp/libgcc.a(_dvmd_tls.o)
                0x000000000800052c                __aeabi_ldiv0
                0x000000000800052c                __aeabi_idiv0
 *(.text*)
 .text._ZN5Timer6notifyEv
                0x0000000008000530        0x8 build/main.o
                0x0000000008000530                Timer::notify()
 .text._ZN9Interrupt9interruptEv.isra.0
                0x0000000008000538       0x16 build/main.o
 .text._ZN9Publisher6notifyEv
                0x000000000800054e       0x16 build/main.o
                0x000000000800054e                Publisher::notify()
 .text._ZN11TickUpdater9interruptEv
                0x0000000008000564       0x22 build/main.o
                0x0000000008000564                TickUpdater::interrupt()
 *fill*         0x0000000008000586        0x2 
 .text.SysTick_Handler
                0x0000000008000588       0x10 build/main.o
                0x0000000008000588                SysTick_Handler
 .text._ZN14TickSubscriber16tick_unsubscribeEv
                0x0000000008000598       0x40 build/main.o
                0x0000000008000598                TickSubscriber::tick_unsubscribe()
 .text._ZN6Buzzer6notifyEv
                0x00000000080005d8       0x3e build/main.o
                0x00000000080005d8                Buzzer::notify()
 .text._ZN5Timer4stopEv
                0x0000000008000616        0xc build/main.o
                0x0000000008000616                Timer::stop()
 *fill*         0x0000000008000622        0x2 
 .text._ZN14TickSubscriber14tick_subscribeEv
                0x0000000008000624       0x28 build/main.o
                0x0000000008000624                TickSubscriber::tick_subscribe()
 .text._ZN3PinaSEb
                0x000000000800064c       0x16 build/main.o
                0x000000000800064c                Pin::operator=(bool)
 *fill*         0x0000000008000662        0x2 
 .text._ZN3SSIIN3mcu4Pin_ILNS0_6PeriphE3ELi6EEENS1_ILS2_3ELi7EEENS1_ILS2_4ELi0EEENS1_ILS2_4ELi1EEENS1_ILS2_4ELi2EEENS1_ILS2_4ELi10EEENS1_ILS2_4ELi11EEENS1_ILS2_4ELi12EEEJNS1_ILS2_4ELi3EEENS1_ILS2_3ELi15EEENS1_ILS2_4ELi9EEENS1_ILS2_4ELi8EEENS1_ILS2_4ELi7EEENS1_ILS2_4ELi6EEEEE6notifyEv
                0x0000000008000664      0x12c build/main.o
                0x0000000008000664                SSI<mcu::Pin_<(mcu::Periph)3, 6>, mcu::Pin_<(mcu::Periph)3, 7>, mcu::Pin_<(mcu::Periph)4, 0>, mcu::Pin_<(mcu::Periph)4, 1>, mcu::Pin_<(mcu::Periph)4, 2>, mcu::Pin_<(mcu::Periph)4, 10>, mcu::Pin_<(mcu::Periph)4, 11>, mcu::Pin_<(mcu::Periph)4, 12>, mcu::Pin_<(mcu::Periph)4, 3>, mcu::Pin_<(mcu::Periph)3, 15>, mcu::Pin_<(mcu::Periph)4, 9>, mcu::Pin_<(mcu::Periph)4, 8>, mcu::Pin_<(mcu::Periph)4, 7>, mcu::Pin_<(mcu::Periph)4, 6> >::notify()
 .text._ZN3mcu3TIM11set_compareENS0_7ChannelEm
                0x0000000008000790       0x20 build/main.o
                0x0000000008000790                mcu::TIM::set_compare(mcu::TIM::Channel, unsigned long)
 .text.DMA1_Channel1_IRQHandler
                0x00000000080007b0       0x1c build/main.o
                0x00000000080007b0                DMA1_Channel1_IRQHandler
 .text.DMA1_Channel2_3_IRQHandler
                0x00000000080007cc       0x2c build/main.o
                0x00000000080007cc                DMA1_Channel2_3_IRQHandler
 .text.DMA1_Channel4_5_IRQHandler
                0x00000000080007f8        0x2 build/main.o
                0x00000000080007f8                DMA1_Channel4_5_IRQHandler
 *fill*         0x00000000080007fa        0x2 
 .text.TIM1_BRK_UP_TRG_COM_IRQHandler
                0x00000000080007fc       0x20 build/main.o
                0x00000000080007fc                TIM1_BRK_UP_TRG_COM_IRQHandler
 .text.TIM1_CC_IRQHandler
                0x000000000800081c        0x8 build/main.o
                0x000000000800081c                TIM1_CC_IRQHandler
 .text.TIM3_IRQHandler
                0x0000000008000824       0x20 build/main.o
                0x0000000008000824                TIM3_IRQHandler
 .text.TIM14_IRQHandler
                0x0000000008000844        0x2 build/main.o
                0x0000000008000844                TIM14_IRQHandler
 .text.TIM16_IRQHandler
                0x0000000008000846        0x2 build/main.o
                0x0000000008000846                TIM16_IRQHandler
 .text.TIM17_IRQHandler
                0x0000000008000848        0x2 build/main.o
                0x0000000008000848                TIM17_IRQHandler
 *fill*         0x000000000800084a        0x2 
 .text.USART1_IRQHandler
                0x000000000800084c       0x1c build/main.o
                0x000000000800084c                USART1_IRQHandler
 .text.EXTI0_1_IRQHandler
                0x0000000008000868       0x34 build/main.o
                0x0000000008000868                EXTI0_1_IRQHandler
 .text.EXTI2_3_IRQHandler
                0x000000000800089c       0x34 build/main.o
                0x000000000800089c                EXTI2_3_IRQHandler
 .text.EXTI4_15_IRQHandler
                0x00000000080008d0       0xf8 build/main.o
                0x00000000080008d0                EXTI4_15_IRQHandler
 .text._ZN3PWM10Duty_cycle6updateEv
                0x00000000080009c8       0x1e build/main.o
                0x00000000080009c8                PWM::Duty_cycle::update()
 *fill*         0x00000000080009e6        0x2 
 .text.init_clock
                0x00000000080009e8       0x58 build/main.o
                0x00000000080009e8                init_clock
 .text._ZN3PWM4makeILN3mcu6PeriphE17ENS1_4Pin_ILS2_3ELi8EEEEERDat
                0x0000000008000a40       0xf8 build/main.o
                0x0000000008000a40                auto& PWM::make<(mcu::Periph)17, mcu::Pin_<(mcu::Periph)3, 8> >(unsigned short)
 .text._Z9make_pinsILN3mcu7PinModeE1EJNS0_4Pin_ILNS0_6PeriphE3ELi6EEENS2_ILS3_3ELi7EEENS2_ILS3_4ELi0EEENS2_ILS3_4ELi1EEENS2_ILS3_4ELi2EEENS2_ILS3_4ELi10EEENS2_ILS3_4ELi11EEEEEN4meta19tuple_generate_implIR3PinSt16integer_sequenceIjJXspcl14__integer_packsZT0_EEEEE4typeEv
                0x0000000008000b38      0x1f4 build/main.o
                0x0000000008000b38                meta::tuple_generate_impl<Pin&, std::integer_sequence<unsigned int, __integer_pack(7), __integer_pack(7), __integer_pack(7), __integer_pack(7), __integer_pack(7), __integer_pack(7), __integer_pack(7)> >::type make_pins<(mcu::PinMode)1, mcu::Pin_<(mcu::Periph)3, 6>, mcu::Pin_<(mcu::Periph)3, 7>, mcu::Pin_<(mcu::Periph)4, 0>, mcu::Pin_<(mcu::Periph)4, 1>, mcu::Pin_<(mcu::Periph)4, 2>, mcu::Pin_<(mcu::Periph)4, 10>, mcu::Pin_<(mcu::Periph)4, 11> >()
 .text._Z9make_pinsILN3mcu7PinModeE1EJNS0_4Pin_ILNS0_6PeriphE4ELi3EEENS2_ILS3_3ELi15EEENS2_ILS3_4ELi9EEENS2_ILS3_4ELi8EEENS2_ILS3_4ELi7EEENS2_ILS3_4ELi6EEEEEN4meta19tuple_generate_implIR3PinSt16integer_sequenceIjJXspcl14__integer_packsZT0_EEEEE4typeEv
                0x0000000008000d2c      0x1a8 build/main.o
                0x0000000008000d2c                meta::tuple_generate_impl<Pin&, std::integer_sequence<unsigned int, __integer_pack(6), __integer_pack(6), __integer_pack(6), __integer_pack(6), __integer_pack(6), __integer_pack(6)> >::type make_pins<(mcu::PinMode)1, mcu::Pin_<(mcu::Periph)4, 3>, mcu::Pin_<(mcu::Periph)3, 15>, mcu::Pin_<(mcu::Periph)4, 9>, mcu::Pin_<(mcu::Periph)4, 8>, mcu::Pin_<(mcu::Periph)4, 7>, mcu::Pin_<(mcu::Periph)4, 6> >()
 .text._ZN3SSIIN3mcu4Pin_ILNS0_6PeriphE3ELi6EEENS1_ILS2_3ELi7EEENS1_ILS2_4ELi0EEENS1_ILS2_4ELi1EEENS1_ILS2_4ELi2EEENS1_ILS2_4ELi10EEENS1_ILS2_4ELi11EEENS1_ILS2_4ELi12EEEJNS1_ILS2_4ELi3EEENS1_ILS2_3ELi15EEENS1_ILS2_4ELi9EEENS1_ILS2_4ELi8EEENS1_ILS2_4ELi7EEENS1_ILS2_4ELi6EEEEE12dinamic_testEv
                0x0000000008000ed4       0x4e build/main.o
                0x0000000008000ed4                SSI<mcu::Pin_<(mcu::Periph)3, 6>, mcu::Pin_<(mcu::Periph)3, 7>, mcu::Pin_<(mcu::Periph)4, 0>, mcu::Pin_<(mcu::Periph)4, 1>, mcu::Pin_<(mcu::Periph)4, 2>, mcu::Pin_<(mcu::Periph)4, 10>, mcu::Pin_<(mcu::Periph)4, 11>, mcu::Pin_<(mcu::Periph)4, 12>, mcu::Pin_<(mcu::Periph)4, 3>, mcu::Pin_<(mcu::Periph)3, 15>, mcu::Pin_<(mcu::Periph)4, 9>, mcu::Pin_<(mcu::Periph)4, 8>, mcu::Pin_<(mcu::Periph)4, 7>, mcu::Pin_<(mcu::Periph)4, 6> >::dinamic_test()
 *fill*         0x0000000008000f22        0x2 
 .text._ZN3SSIIN3mcu4Pin_ILNS0_6PeriphE3ELi6EEENS1_ILS2_3ELi7EEENS1_ILS2_4ELi0EEENS1_ILS2_4ELi1EEENS1_ILS2_4ELi2EEENS1_ILS2_4ELi10EEENS1_ILS2_4ELi11EEENS1_ILS2_4ELi12EEEJNS1_ILS2_4ELi3EEENS1_ILS2_3ELi15EEENS1_ILS2_4ELi9EEENS1_ILS2_4ELi8EEENS1_ILS2_4ELi7EEENS1_ILS2_4ELi6EEEEEC2Eh
                0x0000000008000f24      0x118 build/main.o
                0x0000000008000f24                SSI<mcu::Pin_<(mcu::Periph)3, 6>, mcu::Pin_<(mcu::Periph)3, 7>, mcu::Pin_<(mcu::Periph)4, 0>, mcu::Pin_<(mcu::Periph)4, 1>, mcu::Pin_<(mcu::Periph)4, 2>, mcu::Pin_<(mcu::Periph)4, 10>, mcu::Pin_<(mcu::Periph)4, 11>, mcu::Pin_<(mcu::Periph)4, 12>, mcu::Pin_<(mcu::Periph)4, 3>, mcu::Pin_<(mcu::Periph)3, 15>, mcu::Pin_<(mcu::Periph)4, 9>, mcu::Pin_<(mcu::Periph)4, 8>, mcu::Pin_<(mcu::Periph)4, 7>, mcu::Pin_<(mcu::Periph)4, 6> >::SSI(unsigned char)
                0x0000000008000f24                SSI<mcu::Pin_<(mcu::Periph)3, 6>, mcu::Pin_<(mcu::Periph)3, 7>, mcu::Pin_<(mcu::Periph)4, 0>, mcu::Pin_<(mcu::Periph)4, 1>, mcu::Pin_<(mcu::Periph)4, 2>, mcu::Pin_<(mcu::Periph)4, 10>, mcu::Pin_<(mcu::Periph)4, 11>, mcu::Pin_<(mcu::Periph)4, 12>, mcu::Pin_<(mcu::Periph)4, 3>, mcu::Pin_<(mcu::Periph)3, 15>, mcu::Pin_<(mcu::Periph)4, 9>, mcu::Pin_<(mcu::Periph)4, 8>, mcu::Pin_<(mcu::Periph)4, 7>, mcu::Pin_<(mcu::Periph)4, 6> >::SSI(unsigned char)
 .text.startup.main
                0x000000000800103c       0xd8 build/main.o
                0x000000000800103c                main
 .text.startup._GLOBAL__sub_I__ZN3mcu5FLASH6unlockEv
                0x0000000008001114      0x174 build/main.o
 .text.Reset_Handler
                0x0000000008001288       0x50 build/startup_stm32f030x6.o
                0x0000000008001288                Reset_Handler
 .text.Default_Handler
                0x00000000080012d8        0x2 build/startup_stm32f030x6.o
                0x00000000080012d8                HardFault_Handler
                0x00000000080012d8                PendSV_Handler
                0x00000000080012d8                NMI_Handler
                0x00000000080012d8                I2C1_IRQHandler
                0x00000000080012d8                SPI1_IRQHandler
                0x00000000080012d8                ADC1_IRQHandler
                0x00000000080012d8                RTC_IRQHandler
                0x00000000080012d8                RCC_IRQHandler
                0x00000000080012d8                Default_Handler
                0x00000000080012d8                SVC_Handler
                0x00000000080012d8                WWDG_IRQHandler
                0x00000000080012d8                FLASH_IRQHandler
 *(.glue_7)
 .glue_7        0x00000000080012da        0x0 linker stubs
 *(.glue_7t)
 .glue_7t       0x00000000080012da        0x0 linker stubs
 *(.eh_frame)
 *fill*         0x00000000080012da        0x2 
 .eh_frame      0x00000000080012dc        0x0 /usr/lib/gcc/arm-none-eabi/9.2.1/thumb/v6-m/nofp/crtbegin.o
 *(.init)
 .init          0x00000000080012dc        0x4 /usr/lib/gcc/arm-none-eabi/9.2.1/thumb/v6-m/nofp/crti.o
                0x00000000080012dc                _init
 .init          0x00000000080012e0        0x8 /usr/lib/gcc/arm-none-eabi/9.2.1/thumb/v6-m/nofp/crtn.o
 *(.fini)
 .fini          0x00000000080012e8        0x4 /usr/lib/gcc/arm-none-eabi/9.2.1/thumb/v6-m/nofp/crti.o
                0x00000000080012e8                _fini
 .fini          0x00000000080012ec        0x8 /usr/lib/gcc/arm-none-eabi/9.2.1/thumb/v6-m/nofp/crtn.o
                0x00000000080012f4                . = ALIGN (0x4)
                0x00000000080012f4                _etext = .

.vfp11_veneer   0x00000000080012f4        0x0
 .vfp11_veneer  0x00000000080012f4        0x0 linker stubs

.v4_bx          0x00000000080012f4        0x0
 .v4_bx         0x00000000080012f4        0x0 linker stubs

.iplt           0x00000000080012f4        0x0
 .iplt          0x00000000080012f4        0x0 /usr/lib/gcc/arm-none-eabi/9.2.1/thumb/v6-m/nofp/crtbegin.o

.rodata         0x00000000080012f4       0x24
                0x00000000080012f4                . = ALIGN (0x4)
 *(.rodata)
 *(.rodata*)
 .rodata._ZTV5Timer
                0x00000000080012f4        0xc build/main.o
                0x00000000080012f4                vtable for Timer
 .rodata._ZTV6Buzzer
                0x0000000008001300        0xc build/main.o
                0x0000000008001300                vtable for Buzzer
 .rodata._ZTV3SSIIN3mcu4Pin_ILNS0_6PeriphE3ELi6EEENS1_ILS2_3ELi7EEENS1_ILS2_4ELi0EEENS1_ILS2_4ELi1EEENS1_ILS2_4ELi2EEENS1_ILS2_4ELi10EEENS1_ILS2_4ELi11EEENS1_ILS2_4ELi12EEEJNS1_ILS2_4ELi3EEENS1_ILS2_3ELi15EEENS1_ILS2_4ELi9EEENS1_ILS2_4ELi8EEENS1_ILS2_4ELi7EEENS1_ILS2_4ELi6EEEEE
                0x000000000800130c        0xc build/main.o
                0x000000000800130c                vtable for SSI<mcu::Pin_<(mcu::Periph)3, 6>, mcu::Pin_<(mcu::Periph)3, 7>, mcu::Pin_<(mcu::Periph)4, 0>, mcu::Pin_<(mcu::Periph)4, 1>, mcu::Pin_<(mcu::Periph)4, 2>, mcu::Pin_<(mcu::Periph)4, 10>, mcu::Pin_<(mcu::Periph)4, 11>, mcu::Pin_<(mcu::Periph)4, 12>, mcu::Pin_<(mcu::Periph)4, 3>, mcu::Pin_<(mcu::Periph)3, 15>, mcu::Pin_<(mcu::Periph)4, 9>, mcu::Pin_<(mcu::Periph)4, 8>, mcu::Pin_<(mcu::Periph)4, 7>, mcu::Pin_<(mcu::Periph)4, 6> >
                0x0000000008001318                . = ALIGN (0x4)

.rel.dyn        0x0000000008001318        0x0
 .rel.iplt      0x0000000008001318        0x0 /usr/lib/gcc/arm-none-eabi/9.2.1/thumb/v6-m/nofp/crtbegin.o

.ARM.extab
 *(.ARM.extab* .gnu.linkonce.armextab.*)

.ARM            0x0000000008001318        0x0
                0x0000000008001318                __exidx_start = .
 *(.ARM.exidx*)
                0x0000000008001318                __exidx_end = .

.preinit_array  0x0000000008001318        0x0
                0x0000000008001318                PROVIDE (__preinit_array_start = .)
 *(.preinit_array*)
                0x0000000008001318                PROVIDE (__preinit_array_end = .)

.init_array     0x0000000008001318        0x8
                0x0000000008001318                PROVIDE (__init_array_start = .)
 *(SORT_BY_NAME(.init_array.*))
 *(.init_array*)
 .init_array    0x0000000008001318        0x4 /usr/lib/gcc/arm-none-eabi/9.2.1/thumb/v6-m/nofp/crtbegin.o
 .init_array    0x000000000800131c        0x4 build/main.o
                0x0000000008001320                PROVIDE (__init_array_end = .)

.fini_array     0x0000000008001320        0x4
                0x0000000008001320                PROVIDE (__fini_array_start = .)
 *(SORT_BY_NAME(.fini_array.*))
 *(.fini_array*)
 .fini_array    0x0000000008001320        0x4 /usr/lib/gcc/arm-none-eabi/9.2.1/thumb/v6-m/nofp/crtbegin.o
                0x0000000008001324                PROVIDE (__fini_array_end = .)
                0x0000000008001324                _sidata = LOADADDR (.data)

.data           0x0000000020000000      0x3a0 load address 0x0000000008001324
                0x0000000020000000                . = ALIGN (0x4)
                0x0000000020000000                _sdata = .
 *(.data)
 *(.data*)
 .data._ZL7symbols
                0x0000000020000000      0x310 build/main.o
 .data._ZL9indicator
                0x0000000020000310       0x90 build/main.o
                0x00000000200003a0                . = ALIGN (0x4)
                0x00000000200003a0                _edata = .

.tm_clone_table
                0x00000000200003a0        0x0 load address 0x00000000080016c4
 .tm_clone_table
                0x00000000200003a0        0x0 /usr/lib/gcc/arm-none-eabi/9.2.1/thumb/v6-m/nofp/crtbegin.o
 .tm_clone_table
                0x00000000200003a0        0x0 /usr/lib/gcc/arm-none-eabi/9.2.1/thumb/v6-m/nofp/crtend.o

.igot.plt       0x00000000200003a0        0x0 load address 0x00000000080016c4
 .igot.plt      0x00000000200003a0        0x0 /usr/lib/gcc/arm-none-eabi/9.2.1/thumb/v6-m/nofp/crtbegin.o
                0x00000000200003a0                . = ALIGN (0x4)

.bss            0x00000000200003a0      0x2e4 load address 0x00000000080016c4
                0x00000000200003a0                _sbss = .
                0x00000000200003a0                __bss_start__ = _sbss
 *(.bss)
 .bss           0x00000000200003a0       0x1c /usr/lib/gcc/arm-none-eabi/9.2.1/thumb/v6-m/nofp/crtbegin.o
 *(.bss*)
 .bss._ZGVZN3Pin4makeIN3mcu4Pin_ILNS1_6PeriphE4ELi6EEELNS1_7PinModeE1EEERDavE3pin
                0x00000000200003bc        0x4 build/main.o
                0x00000000200003bc                guard variable for Pin::make<mcu::Pin_<(mcu::Periph)4, 6>, (mcu::PinMode)1>()::pin
 .bss._ZZN3Pin4makeIN3mcu4Pin_ILNS1_6PeriphE4ELi6EEELNS1_7PinModeE1EEERDavE3pin
                0x00000000200003c0        0x8 build/main.o
                0x00000000200003c0                Pin::make<mcu::Pin_<(mcu::Periph)4, 6>, (mcu::PinMode)1>()::pin
 .bss._ZGVZN3Pin4makeIN3mcu4Pin_ILNS1_6PeriphE4ELi7EEELNS1_7PinModeE1EEERDavE3pin
                0x00000000200003c8        0x4 build/main.o
                0x00000000200003c8                guard variable for Pin::make<mcu::Pin_<(mcu::Periph)4, 7>, (mcu::PinMode)1>()::pin
 .bss._ZZN3Pin4makeIN3mcu4Pin_ILNS1_6PeriphE4ELi7EEELNS1_7PinModeE1EEERDavE3pin
                0x00000000200003cc        0x8 build/main.o
                0x00000000200003cc                Pin::make<mcu::Pin_<(mcu::Periph)4, 7>, (mcu::PinMode)1>()::pin
 .bss._ZGVZN3Pin4makeIN3mcu4Pin_ILNS1_6PeriphE4ELi8EEELNS1_7PinModeE1EEERDavE3pin
                0x00000000200003d4        0x4 build/main.o
                0x00000000200003d4                guard variable for Pin::make<mcu::Pin_<(mcu::Periph)4, 8>, (mcu::PinMode)1>()::pin
 .bss._ZZN3Pin4makeIN3mcu4Pin_ILNS1_6PeriphE4ELi8EEELNS1_7PinModeE1EEERDavE3pin
                0x00000000200003d8        0x8 build/main.o
                0x00000000200003d8                Pin::make<mcu::Pin_<(mcu::Periph)4, 8>, (mcu::PinMode)1>()::pin
 .bss._ZGVZN3Pin4makeIN3mcu4Pin_ILNS1_6PeriphE4ELi9EEELNS1_7PinModeE1EEERDavE3pin
                0x00000000200003e0        0x4 build/main.o
                0x00000000200003e0                guard variable for Pin::make<mcu::Pin_<(mcu::Periph)4, 9>, (mcu::PinMode)1>()::pin
 .bss._ZZN3Pin4makeIN3mcu4Pin_ILNS1_6PeriphE4ELi9EEELNS1_7PinModeE1EEERDavE3pin
                0x00000000200003e4        0x8 build/main.o
                0x00000000200003e4                Pin::make<mcu::Pin_<(mcu::Periph)4, 9>, (mcu::PinMode)1>()::pin
 .bss._ZGVZN3Pin4makeIN3mcu4Pin_ILNS1_6PeriphE3ELi15EEELNS1_7PinModeE1EEERDavE3pin
                0x00000000200003ec        0x4 build/main.o
                0x00000000200003ec                guard variable for Pin::make<mcu::Pin_<(mcu::Periph)3, 15>, (mcu::PinMode)1>()::pin
 .bss._ZZN3Pin4makeIN3mcu4Pin_ILNS1_6PeriphE3ELi15EEELNS1_7PinModeE1EEERDavE3pin
                0x00000000200003f0        0x8 build/main.o
                0x00000000200003f0                Pin::make<mcu::Pin_<(mcu::Periph)3, 15>, (mcu::PinMode)1>()::pin
 .bss._ZGVZN3Pin4makeIN3mcu4Pin_ILNS1_6PeriphE4ELi3EEELNS1_7PinModeE1EEERDavE3pin
                0x00000000200003f8        0x4 build/main.o
                0x00000000200003f8                guard variable for Pin::make<mcu::Pin_<(mcu::Periph)4, 3>, (mcu::PinMode)1>()::pin
 .bss._ZZN3Pin4makeIN3mcu4Pin_ILNS1_6PeriphE4ELi3EEELNS1_7PinModeE1EEERDavE3pin
                0x00000000200003fc        0x8 build/main.o
                0x00000000200003fc                Pin::make<mcu::Pin_<(mcu::Periph)4, 3>, (mcu::PinMode)1>()::pin
 .bss._ZGVZN3Pin4makeIN3mcu4Pin_ILNS1_6PeriphE4ELi11EEELNS1_7PinModeE1EEERDavE3pin
                0x0000000020000404        0x4 build/main.o
                0x0000000020000404                guard variable for Pin::make<mcu::Pin_<(mcu::Periph)4, 11>, (mcu::PinMode)1>()::pin
 .bss._ZZN3Pin4makeIN3mcu4Pin_ILNS1_6PeriphE4ELi11EEELNS1_7PinModeE1EEERDavE3pin
                0x0000000020000408        0x8 build/main.o
                0x0000000020000408                Pin::make<mcu::Pin_<(mcu::Periph)4, 11>, (mcu::PinMode)1>()::pin
 .bss._ZGVZN3Pin4makeIN3mcu4Pin_ILNS1_6PeriphE4ELi10EEELNS1_7PinModeE1EEERDavE3pin
                0x0000000020000410        0x4 build/main.o
                0x0000000020000410                guard variable for Pin::make<mcu::Pin_<(mcu::Periph)4, 10>, (mcu::PinMode)1>()::pin
 .bss._ZZN3Pin4makeIN3mcu4Pin_ILNS1_6PeriphE4ELi10EEELNS1_7PinModeE1EEERDavE3pin
                0x0000000020000414        0x8 build/main.o
                0x0000000020000414                Pin::make<mcu::Pin_<(mcu::Periph)4, 10>, (mcu::PinMode)1>()::pin
 .bss._ZGVZN3Pin4makeIN3mcu4Pin_ILNS1_6PeriphE4ELi2EEELNS1_7PinModeE1EEERDavE3pin
                0x000000002000041c        0x4 build/main.o
                0x000000002000041c                guard variable for Pin::make<mcu::Pin_<(mcu::Periph)4, 2>, (mcu::PinMode)1>()::pin
 .bss._ZZN3Pin4makeIN3mcu4Pin_ILNS1_6PeriphE4ELi2EEELNS1_7PinModeE1EEERDavE3pin
                0x0000000020000420        0x8 build/main.o
                0x0000000020000420                Pin::make<mcu::Pin_<(mcu::Periph)4, 2>, (mcu::PinMode)1>()::pin
 .bss._ZGVZN3Pin4makeIN3mcu4Pin_ILNS1_6PeriphE4ELi1EEELNS1_7PinModeE1EEERDavE3pin
                0x0000000020000428        0x4 build/main.o
                0x0000000020000428                guard variable for Pin::make<mcu::Pin_<(mcu::Periph)4, 1>, (mcu::PinMode)1>()::pin
 .bss._ZZN3Pin4makeIN3mcu4Pin_ILNS1_6PeriphE4ELi1EEELNS1_7PinModeE1EEERDavE3pin
                0x000000002000042c        0x8 build/main.o
                0x000000002000042c                Pin::make<mcu::Pin_<(mcu::Periph)4, 1>, (mcu::PinMode)1>()::pin
 .bss._ZGVZN3Pin4makeIN3mcu4Pin_ILNS1_6PeriphE4ELi0EEELNS1_7PinModeE1EEERDavE3pin
                0x0000000020000434        0x4 build/main.o
                0x0000000020000434                guard variable for Pin::make<mcu::Pin_<(mcu::Periph)4, 0>, (mcu::PinMode)1>()::pin
 .bss._ZZN3Pin4makeIN3mcu4Pin_ILNS1_6PeriphE4ELi0EEELNS1_7PinModeE1EEERDavE3pin
                0x0000000020000438        0x8 build/main.o
                0x0000000020000438                Pin::make<mcu::Pin_<(mcu::Periph)4, 0>, (mcu::PinMode)1>()::pin
 .bss._ZGVZN3Pin4makeIN3mcu4Pin_ILNS1_6PeriphE3ELi7EEELNS1_7PinModeE1EEERDavE3pin
                0x0000000020000440        0x4 build/main.o
                0x0000000020000440                guard variable for Pin::make<mcu::Pin_<(mcu::Periph)3, 7>, (mcu::PinMode)1>()::pin
 .bss._ZZN3Pin4makeIN3mcu4Pin_ILNS1_6PeriphE3ELi7EEELNS1_7PinModeE1EEERDavE3pin
                0x0000000020000444        0x8 build/main.o
                0x0000000020000444                Pin::make<mcu::Pin_<(mcu::Periph)3, 7>, (mcu::PinMode)1>()::pin
 .bss._ZGVZN3Pin4makeIN3mcu4Pin_ILNS1_6PeriphE3ELi6EEELNS1_7PinModeE1EEERDavE3pin
                0x000000002000044c        0x4 build/main.o
                0x000000002000044c                guard variable for Pin::make<mcu::Pin_<(mcu::Periph)3, 6>, (mcu::PinMode)1>()::pin
 .bss._ZZN3Pin4makeIN3mcu4Pin_ILNS1_6PeriphE3ELi6EEELNS1_7PinModeE1EEERDavE3pin
                0x0000000020000450        0x8 build/main.o
                0x0000000020000450                Pin::make<mcu::Pin_<(mcu::Periph)3, 6>, (mcu::PinMode)1>()::pin
 .bss._ZGVZN3Pin4makeIN3mcu4Pin_ILNS1_6PeriphE4ELi12EEELNS1_7PinModeE1EEERDavE3pin
                0x0000000020000458        0x4 build/main.o
                0x0000000020000458                guard variable for Pin::make<mcu::Pin_<(mcu::Periph)4, 12>, (mcu::PinMode)1>()::pin
 .bss._ZZN3Pin4makeIN3mcu4Pin_ILNS1_6PeriphE4ELi12EEELNS1_7PinModeE1EEERDavE3pin
                0x000000002000045c        0x8 build/main.o
                0x000000002000045c                Pin::make<mcu::Pin_<(mcu::Periph)4, 12>, (mcu::PinMode)1>()::pin
 .bss._ZGVZN3PWM4makeILN3mcu6PeriphE17ENS1_4Pin_ILS2_3ELi8EEEEERDatE3pwm
                0x0000000020000464        0x4 build/main.o
                0x0000000020000464                guard variable for PWM::make<(mcu::Periph)17, mcu::Pin_<(mcu::Periph)3, 8> >(unsigned short)::pwm
 .bss._ZZN3PWM4makeILN3mcu6PeriphE17ENS1_4Pin_ILS2_3ELi8EEEEERDatE3pwm
                0x0000000020000468       0x20 build/main.o
                0x0000000020000468                PWM::make<(mcu::Periph)17, mcu::Pin_<(mcu::Periph)3, 8> >(unsigned short)::pwm
 .bss._ZGVZN3Pin4makeIN3mcu4Pin_ILNS1_6PeriphE3ELi8EEELNS1_7PinModeE5EEERDavE3pin
                0x0000000020000488        0x4 build/main.o
                0x0000000020000488                guard variable for Pin::make<mcu::Pin_<(mcu::Periph)3, 8>, (mcu::PinMode)5>()::pin
 .bss._ZZN3Pin4makeIN3mcu4Pin_ILNS1_6PeriphE3ELi8EEELNS1_7PinModeE5EEERDavE3pin
                0x000000002000048c        0x8 build/main.o
                0x000000002000048c                Pin::make<mcu::Pin_<(mcu::Periph)3, 8>, (mcu::PinMode)5>()::pin
 .bss.heap      0x0000000020000494      0x108 build/main.o
                0x0000000020000494                heap
 .bss.interrupt_DMA1_channel1
                0x000000002000059c        0x8 build/main.o
                0x000000002000059c                interrupt_DMA1_channel1
 .bss.interrupt_DMA1_channel2
                0x00000000200005a4        0x8 build/main.o
                0x00000000200005a4                interrupt_DMA1_channel2
 .bss.interrupt_DMA1_channel3
                0x00000000200005ac        0x8 build/main.o
                0x00000000200005ac                interrupt_DMA1_channel3
 .bss.interrupt_DMA1_channel4
                0x00000000200005b4        0x8 build/main.o
                0x00000000200005b4                interrupt_DMA1_channel4
 .bss.interrupt_DMA1_channel5
                0x00000000200005bc        0x8 build/main.o
                0x00000000200005bc                interrupt_DMA1_channel5
 .bss.interrupt_EXTI0
                0x00000000200005c4        0x8 build/main.o
                0x00000000200005c4                interrupt_EXTI0
 .bss.interrupt_EXTI1
                0x00000000200005cc        0x8 build/main.o
                0x00000000200005cc                interrupt_EXTI1
 .bss.interrupt_EXTI10
                0x00000000200005d4        0x8 build/main.o
                0x00000000200005d4                interrupt_EXTI10
 .bss.interrupt_EXTI11
                0x00000000200005dc        0x8 build/main.o
                0x00000000200005dc                interrupt_EXTI11
 .bss.interrupt_EXTI12
                0x00000000200005e4        0x8 build/main.o
                0x00000000200005e4                interrupt_EXTI12
 .bss.interrupt_EXTI13
                0x00000000200005ec        0x8 build/main.o
                0x00000000200005ec                interrupt_EXTI13
 .bss.interrupt_EXTI14
                0x00000000200005f4        0x8 build/main.o
                0x00000000200005f4                interrupt_EXTI14
 .bss.interrupt_EXTI15
                0x00000000200005fc        0x8 build/main.o
                0x00000000200005fc                interrupt_EXTI15
 .bss.interrupt_EXTI2
                0x0000000020000604        0x8 build/main.o
                0x0000000020000604                interrupt_EXTI2
 .bss.interrupt_EXTI3
                0x000000002000060c        0x8 build/main.o
                0x000000002000060c                interrupt_EXTI3
 .bss.interrupt_EXTI4
                0x0000000020000614        0x8 build/main.o
                0x0000000020000614                interrupt_EXTI4
 .bss.interrupt_EXTI5
                0x000000002000061c        0x8 build/main.o
                0x000000002000061c                interrupt_EXTI5
 .bss.interrupt_EXTI6
                0x0000000020000624        0x8 build/main.o
                0x0000000020000624                interrupt_EXTI6
 .bss.interrupt_EXTI7
                0x000000002000062c        0x8 build/main.o
                0x000000002000062c                interrupt_EXTI7
 .bss.interrupt_EXTI8
                0x0000000020000634        0x8 build/main.o
                0x0000000020000634                interrupt_EXTI8
 .bss.interrupt_EXTI9
                0x000000002000063c        0x8 build/main.o
                0x000000002000063c                interrupt_EXTI9
 .bss.interrupt_rtc
                0x0000000020000644        0x8 build/main.o
                0x0000000020000644                interrupt_rtc
 .bss.interrupt_spi1
                0x000000002000064c        0x8 build/main.o
                0x000000002000064c                interrupt_spi1
 .bss.interrupt_tim1
                0x0000000020000654        0x8 build/main.o
                0x0000000020000654                interrupt_tim1
 .bss.interrupt_tim3
                0x000000002000065c        0x8 build/main.o
                0x000000002000065c                interrupt_tim3
 .bss.interrupt_usart1
                0x0000000020000664        0x8 build/main.o
                0x0000000020000664                interrupt_usart1
 .bss.tickUpdater
                0x000000002000066c       0x18 build/main.o
                0x000000002000066c                tickUpdater
 *(COMMON)
                0x0000000020000684                . = ALIGN (0x4)
                0x0000000020000684                _ebss = .
                0x0000000020000684                __bss_end__ = _ebss

._user_heap_stack
                0x0000000020000684      0x604 load address 0x00000000080016c4
                0x0000000020000688                . = ALIGN (0x8)
 *fill*         0x0000000020000684        0x4 
                [!provide]                        PROVIDE (end = .)
                [!provide]                        PROVIDE (_end = .)
                0x0000000020000888                . = (. + _Min_Heap_Size)
 *fill*         0x0000000020000688      0x200 
                0x0000000020000c88                . = (. + _Min_Stack_Size)
 *fill*         0x0000000020000888      0x400 
                0x0000000020000c88                . = ALIGN (0x8)

/DISCARD/
 libc.a(*)
 libm.a(*)
 libgcc.a(*)

.ARM.attributes
                0x0000000000000000       0x28
 *(.ARM.attributes)
 .ARM.attributes
                0x0000000000000000       0x1e /usr/lib/gcc/arm-none-eabi/9.2.1/thumb/v6-m/nofp/crti.o
 .ARM.attributes
                0x000000000000001e       0x2c /usr/lib/gcc/arm-none-eabi/9.2.1/thumb/v6-m/nofp/crtbegin.o
 .ARM.attributes
                0x000000000000004a       0x2c build/main.o
 .ARM.attributes
                0x0000000000000076       0x21 build/startup_stm32f030x6.o
 .ARM.attributes
                0x0000000000000097       0x2c /usr/lib/gcc/arm-none-eabi/9.2.1/../../../arm-none-eabi/lib/thumb/v6-m/nofp/libc_nano.a(lib_a-init.o)
 .ARM.attributes
                0x00000000000000c3       0x2c /usr/lib/gcc/arm-none-eabi/9.2.1/../../../arm-none-eabi/lib/thumb/v6-m/nofp/libc_nano.a(lib_a-memset.o)
 .ARM.attributes
                0x00000000000000ef       0x1e /usr/lib/gcc/arm-none-eabi/9.2.1/thumb/v6-m/nofp/libgcc.a(_udivsi3.o)
 .ARM.attributes
                0x000000000000010d       0x1e /usr/lib/gcc/arm-none-eabi/9.2.1/thumb/v6-m/nofp/libgcc.a(_divsi3.o)
 .ARM.attributes
                0x000000000000012b       0x1e /usr/lib/gcc/arm-none-eabi/9.2.1/thumb/v6-m/nofp/libgcc.a(_dvmd_tls.o)
 .ARM.attributes
                0x0000000000000149       0x2c /usr/lib/gcc/arm-none-eabi/9.2.1/thumb/v6-m/nofp/crtend.o
 .ARM.attributes
                0x0000000000000175       0x1e /usr/lib/gcc/arm-none-eabi/9.2.1/thumb/v6-m/nofp/crtn.o
OUTPUT(build/EO91_TEST.elf elf32-littlearm)
LOAD linker stubs
LOAD /usr/lib/gcc/arm-none-eabi/9.2.1/../../../arm-none-eabi/lib/thumb/v6-m/nofp/libc.a
LOAD /usr/lib/gcc/arm-none-eabi/9.2.1/../../../arm-none-eabi/lib/thumb/v6-m/nofp/libm.a
LOAD /usr/lib/gcc/arm-none-eabi/9.2.1/thumb/v6-m/nofp/libgcc.a

.comment        0x0000000000000000       0xa7
 .comment       0x0000000000000000       0x59 /usr/lib/gcc/arm-none-eabi/9.2.1/thumb/v6-m/nofp/crtbegin.o
                                         0x5a (size before relaxing)
 .comment       0x0000000000000059       0x5a build/main.o
 .comment       0x0000000000000059       0x4e /usr/lib/gcc/arm-none-eabi/9.2.1/../../../arm-none-eabi/lib/thumb/v6-m/nofp/libc_nano.a(lib_a-init.o)
                                         0x4f (size before relaxing)
 .comment       0x00000000000000a7       0x4f /usr/lib/gcc/arm-none-eabi/9.2.1/../../../arm-none-eabi/lib/thumb/v6-m/nofp/libc_nano.a(lib_a-memset.o)
 .comment       0x00000000000000a7       0x5a /usr/lib/gcc/arm-none-eabi/9.2.1/thumb/v6-m/nofp/crtend.o

.debug_info     0x0000000000000000    0x2c1c5
 .debug_info    0x0000000000000000    0x2b0f6 build/main.o
 .debug_info    0x000000000002b0f6       0x22 build/startup_stm32f030x6.o
 .debug_info    0x000000000002b118      0x11a /usr/lib/gcc/arm-none-eabi/9.2.1/../../../arm-none-eabi/lib/thumb/v6-m/nofp/libc_nano.a(lib_a-init.o)
 .debug_info    0x000000000002b232      0xf21 /usr/lib/gcc/arm-none-eabi/9.2.1/../../../arm-none-eabi/lib/thumb/v6-m/nofp/libc_nano.a(lib_a-memset.o)
 .debug_info    0x000000000002c153       0x26 /usr/lib/gcc/arm-none-eabi/9.2.1/thumb/v6-m/nofp/libgcc.a(_udivsi3.o)
 .debug_info    0x000000000002c179       0x26 /usr/lib/gcc/arm-none-eabi/9.2.1/thumb/v6-m/nofp/libgcc.a(_divsi3.o)
 .debug_info    0x000000000002c19f       0x26 /usr/lib/gcc/arm-none-eabi/9.2.1/thumb/v6-m/nofp/libgcc.a(_dvmd_tls.o)

.debug_abbrev   0x0000000000000000     0x17ee
 .debug_abbrev  0x0000000000000000     0x14fb build/main.o
 .debug_abbrev  0x00000000000014fb       0x12 build/startup_stm32f030x6.o
 .debug_abbrev  0x000000000000150d       0xcc /usr/lib/gcc/arm-none-eabi/9.2.1/../../../arm-none-eabi/lib/thumb/v6-m/nofp/libc_nano.a(lib_a-init.o)
 .debug_abbrev  0x00000000000015d9      0x1d9 /usr/lib/gcc/arm-none-eabi/9.2.1/../../../arm-none-eabi/lib/thumb/v6-m/nofp/libc_nano.a(lib_a-memset.o)
 .debug_abbrev  0x00000000000017b2       0x14 /usr/lib/gcc/arm-none-eabi/9.2.1/thumb/v6-m/nofp/libgcc.a(_udivsi3.o)
 .debug_abbrev  0x00000000000017c6       0x14 /usr/lib/gcc/arm-none-eabi/9.2.1/thumb/v6-m/nofp/libgcc.a(_divsi3.o)
 .debug_abbrev  0x00000000000017da       0x14 /usr/lib/gcc/arm-none-eabi/9.2.1/thumb/v6-m/nofp/libgcc.a(_dvmd_tls.o)

.debug_loc      0x0000000000000000     0x5b4d
 .debug_loc     0x0000000000000000     0x57d6 build/main.o
 .debug_loc     0x00000000000057d6       0x98 /usr/lib/gcc/arm-none-eabi/9.2.1/../../../arm-none-eabi/lib/thumb/v6-m/nofp/libc_nano.a(lib_a-init.o)
 .debug_loc     0x000000000000586e      0x2df /usr/lib/gcc/arm-none-eabi/9.2.1/../../../arm-none-eabi/lib/thumb/v6-m/nofp/libc_nano.a(lib_a-memset.o)

.debug_aranges  0x0000000000000000      0x2a0
 .debug_aranges
                0x0000000000000000      0x1d8 build/main.o
 .debug_aranges
                0x00000000000001d8       0x28 build/startup_stm32f030x6.o
 .debug_aranges
                0x0000000000000200       0x20 /usr/lib/gcc/arm-none-eabi/9.2.1/../../../arm-none-eabi/lib/thumb/v6-m/nofp/libc_nano.a(lib_a-init.o)
 .debug_aranges
                0x0000000000000220       0x20 /usr/lib/gcc/arm-none-eabi/9.2.1/../../../arm-none-eabi/lib/thumb/v6-m/nofp/libc_nano.a(lib_a-memset.o)
 .debug_aranges
                0x0000000000000240       0x20 /usr/lib/gcc/arm-none-eabi/9.2.1/thumb/v6-m/nofp/libgcc.a(_udivsi3.o)
 .debug_aranges
                0x0000000000000260       0x20 /usr/lib/gcc/arm-none-eabi/9.2.1/thumb/v6-m/nofp/libgcc.a(_divsi3.o)
 .debug_aranges
                0x0000000000000280       0x20 /usr/lib/gcc/arm-none-eabi/9.2.1/thumb/v6-m/nofp/libgcc.a(_dvmd_tls.o)

.debug_ranges   0x0000000000000000     0x17b8
 .debug_ranges  0x0000000000000000     0x1798 build/main.o
 .debug_ranges  0x0000000000001798       0x20 build/startup_stm32f030x6.o

.debug_line     0x0000000000000000     0x351c
 .debug_line    0x0000000000000000     0x2fcf build/main.o
 .debug_line    0x0000000000002fcf       0x91 build/startup_stm32f030x6.o
 .debug_line    0x0000000000003060       0xfc /usr/lib/gcc/arm-none-eabi/9.2.1/../../../arm-none-eabi/lib/thumb/v6-m/nofp/libc_nano.a(lib_a-init.o)
 .debug_line    0x000000000000315c      0x281 /usr/lib/gcc/arm-none-eabi/9.2.1/../../../arm-none-eabi/lib/thumb/v6-m/nofp/libc_nano.a(lib_a-memset.o)
 .debug_line    0x00000000000033dd       0x6c /usr/lib/gcc/arm-none-eabi/9.2.1/thumb/v6-m/nofp/libgcc.a(_udivsi3.o)
 .debug_line    0x0000000000003449       0x73 /usr/lib/gcc/arm-none-eabi/9.2.1/thumb/v6-m/nofp/libgcc.a(_divsi3.o)
 .debug_line    0x00000000000034bc       0x60 /usr/lib/gcc/arm-none-eabi/9.2.1/thumb/v6-m/nofp/libgcc.a(_dvmd_tls.o)

.debug_str      0x0000000000000000    0x2766c
 .debug_str     0x0000000000000000    0x27190 build/main.o
                                      0x27907 (size before relaxing)
 .debug_str     0x0000000000027190       0x3b build/startup_stm32f030x6.o
                                         0x56 (size before relaxing)
 .debug_str     0x00000000000271cb      0x180 /usr/lib/gcc/arm-none-eabi/9.2.1/../../../arm-none-eabi/lib/thumb/v6-m/nofp/libc_nano.a(lib_a-init.o)
                                        0x222 (size before relaxing)
 .debug_str     0x000000000002734b      0x28a /usr/lib/gcc/arm-none-eabi/9.2.1/../../../arm-none-eabi/lib/thumb/v6-m/nofp/libc_nano.a(lib_a-memset.o)
                                        0x908 (size before relaxing)
 .debug_str     0x00000000000275d5       0x97 /usr/lib/gcc/arm-none-eabi/9.2.1/thumb/v6-m/nofp/libgcc.a(_udivsi3.o)
                                         0xa3 (size before relaxing)
 .debug_str     0x000000000002766c       0xa3 /usr/lib/gcc/arm-none-eabi/9.2.1/thumb/v6-m/nofp/libgcc.a(_divsi3.o)
 .debug_str     0x000000000002766c       0xa3 /usr/lib/gcc/arm-none-eabi/9.2.1/thumb/v6-m/nofp/libgcc.a(_dvmd_tls.o)

.debug_frame    0x0000000000000000      0x580
 .debug_frame   0x0000000000000000      0x4e4 build/main.o
 .debug_frame   0x00000000000004e4       0x2c /usr/lib/gcc/arm-none-eabi/9.2.1/../../../arm-none-eabi/lib/thumb/v6-m/nofp/libc_nano.a(lib_a-init.o)
 .debug_frame   0x0000000000000510       0x30 /usr/lib/gcc/arm-none-eabi/9.2.1/../../../arm-none-eabi/lib/thumb/v6-m/nofp/libc_nano.a(lib_a-memset.o)
 .debug_frame   0x0000000000000540       0x20 /usr/lib/gcc/arm-none-eabi/9.2.1/thumb/v6-m/nofp/libgcc.a(_udivsi3.o)
 .debug_frame   0x0000000000000560       0x20 /usr/lib/gcc/arm-none-eabi/9.2.1/thumb/v6-m/nofp/libgcc.a(_divsi3.o)

Cross Reference Table

Symbol                                            File
ADC1_IRQHandler                                   build/startup_stm32f030x6.o
ADC_average::interrupt()                          build/main.o
ADC_average::start()                              build/main.o
Buzzer::notify()                                  build/main.o
DMA1_Channel1_IRQHandler                          build/main.o
DMA1_Channel2_3_IRQHandler                        build/main.o
DMA1_Channel4_5_IRQHandler                        build/main.o
Default_Handler                                   build/startup_stm32f030x6.o
EXTI0_1_IRQHandler                                build/main.o
EXTI2_3_IRQHandler                                build/main.o
EXTI4_15_IRQHandler                               build/main.o
FLASH_IRQHandler                                  build/startup_stm32f030x6.o
HardFault_Handler                                 build/startup_stm32f030x6.o
I2C1_IRQHandler                                   build/startup_stm32f030x6.o
NMI_Handler                                       build/startup_stm32f030x6.o
PWM::Duty_cycle::update()                         build/main.o
PWM::make<(mcu::Periph)17, mcu::Pin_<(mcu::Periph)3, 8> >(unsigned short)::pwm build/main.o
PendSV_Handler                                    build/startup_stm32f030x6.o
Pin::make<mcu::Pin_<(mcu::Periph)3, 15>, (mcu::PinMode)1>()::pin build/main.o
Pin::make<mcu::Pin_<(mcu::Periph)3, 6>, (mcu::PinMode)1>()::pin build/main.o
Pin::make<mcu::Pin_<(mcu::Periph)3, 7>, (mcu::PinMode)1>()::pin build/main.o
Pin::make<mcu::Pin_<(mcu::Periph)3, 8>, (mcu::PinMode)5>()::pin build/main.o
Pin::make<mcu::Pin_<(mcu::Periph)4, 0>, (mcu::PinMode)1>()::pin build/main.o
Pin::make<mcu::Pin_<(mcu::Periph)4, 10>, (mcu::PinMode)1>()::pin build/main.o
Pin::make<mcu::Pin_<(mcu::Periph)4, 11>, (mcu::PinMode)1>()::pin build/main.o
Pin::make<mcu::Pin_<(mcu::Periph)4, 12>, (mcu::PinMode)1>()::pin build/main.o
Pin::make<mcu::Pin_<(mcu::Periph)4, 1>, (mcu::PinMode)1>()::pin build/main.o
Pin::make<mcu::Pin_<(mcu::Periph)4, 2>, (mcu::PinMode)1>()::pin build/main.o
Pin::make<mcu::Pin_<(mcu::Periph)4, 3>, (mcu::PinMode)1>()::pin build/main.o
Pin::make<mcu::Pin_<(mcu::Periph)4, 6>, (mcu::PinMode)1>()::pin build/main.o
Pin::make<mcu::Pin_<(mcu::Periph)4, 7>, (mcu::PinMode)1>()::pin build/main.o
Pin::make<mcu::Pin_<(mcu::Periph)4, 8>, (mcu::PinMode)1>()::pin build/main.o
Pin::make<mcu::Pin_<(mcu::Periph)4, 9>, (mcu::PinMode)1>()::pin build/main.o
Pin::operator=(bool)                              build/main.o
Publisher::notify()                               build/main.o
RCC_IRQHandler                                    build/startup_stm32f030x6.o
RTC_IRQHandler                                    build/startup_stm32f030x6.o
Reset_Handler                                     build/startup_stm32f030x6.o
SPI1_IRQHandler                                   build/startup_stm32f030x6.o
SSI<mcu::Pin_<(mcu::Periph)3, 6>, mcu::Pin_<(mcu::Periph)3, 7>, mcu::Pin_<(mcu::Periph)4, 0>, mcu::Pin_<(mcu::Periph)4, 1>, mcu::Pin_<(mcu::Periph)4, 2>, mcu::Pin_<(mcu::Periph)4, 10>, mcu::Pin_<(mcu::Periph)4, 11>, mcu::Pin_<(mcu::Periph)4, 12>, mcu::Pin_<(mcu::Periph)4, 3>, mcu::Pin_<(mcu::Periph)3, 15>, mcu::Pin_<(mcu::Periph)4, 9>, mcu::Pin_<(mcu::Periph)4, 8>, mcu::Pin_<(mcu::Periph)4, 7>, mcu::Pin_<(mcu::Periph)4, 6> >::SSI(unsigned char) build/main.o
SSI<mcu::Pin_<(mcu::Periph)3, 6>, mcu::Pin_<(mcu::Periph)3, 7>, mcu::Pin_<(mcu::Periph)4, 0>, mcu::Pin_<(mcu::Periph)4, 1>, mcu::Pin_<(mcu::Periph)4, 2>, mcu::Pin_<(mcu::Periph)4, 10>, mcu::Pin_<(mcu::Periph)4, 11>, mcu::Pin_<(mcu::Periph)4, 12>, mcu::Pin_<(mcu::Periph)4, 3>, mcu::Pin_<(mcu::Periph)3, 15>, mcu::Pin_<(mcu::Periph)4, 9>, mcu::Pin_<(mcu::Periph)4, 8>, mcu::Pin_<(mcu::Periph)4, 7>, mcu::Pin_<(mcu::Periph)4, 6> >::SSI(unsigned char) build/main.o
SSI<mcu::Pin_<(mcu::Periph)3, 6>, mcu::Pin_<(mcu::Periph)3, 7>, mcu::Pin_<(mcu::Periph)4, 0>, mcu::Pin_<(mcu::Periph)4, 1>, mcu::Pin_<(mcu::Periph)4, 2>, mcu::Pin_<(mcu::Periph)4, 10>, mcu::Pin_<(mcu::Periph)4, 11>, mcu::Pin_<(mcu::Periph)4, 12>, mcu::Pin_<(mcu::Periph)4, 3>, mcu::Pin_<(mcu::Periph)3, 15>, mcu::Pin_<(mcu::Periph)4, 9>, mcu::Pin_<(mcu::Periph)4, 8>, mcu::Pin_<(mcu::Periph)4, 7>, mcu::Pin_<(mcu::Periph)4, 6> >::dinamic_test() build/main.o
SSI<mcu::Pin_<(mcu::Periph)3, 6>, mcu::Pin_<(mcu::Periph)3, 7>, mcu::Pin_<(mcu::Periph)4, 0>, mcu::Pin_<(mcu::Periph)4, 1>, mcu::Pin_<(mcu::Periph)4, 2>, mcu::Pin_<(mcu::Periph)4, 10>, mcu::Pin_<(mcu::Periph)4, 11>, mcu::Pin_<(mcu::Periph)4, 12>, mcu::Pin_<(mcu::Periph)4, 3>, mcu::Pin_<(mcu::Periph)3, 15>, mcu::Pin_<(mcu::Periph)4, 9>, mcu::Pin_<(mcu::Periph)4, 8>, mcu::Pin_<(mcu::Periph)4, 7>, mcu::Pin_<(mcu::Periph)4, 6> >::notify() build/main.o
SVC_Handler                                       build/startup_stm32f030x6.o
SysTick_Handler                                   build/main.o
TIM14_IRQHandler                                  build/main.o
TIM16_IRQHandler                                  build/main.o
TIM17_IRQHandler                                  build/main.o
TIM1_BRK_UP_TRG_COM_IRQHandler                    build/main.o
TIM1_CC_IRQHandler                                build/main.o
TIM3_IRQHandler                                   build/main.o
TickSubscriber::tick_subscribe()                  build/main.o
TickSubscriber::tick_unsubscribe()                build/main.o
TickUpdater::interrupt()                          build/main.o
Timer::done()                                     build/main.o
Timer::event()                                    build/main.o
Timer::isCount()                                  build/main.o
Timer::isGreater(unsigned long)                   build/main.o
Timer::notify()                                   build/main.o
Timer::pause()                                    build/main.o
Timer::start()                                    build/main.o
Timer::start(unsigned long)                       build/main.o
Timer::stop()                                     build/main.o
Timer::timeLeft()                                 build/main.o
Timer::timePassed()                               build/main.o
USART1_IRQHandler                                 build/main.o
WWDG_IRQHandler                                   build/startup_stm32f030x6.o
_ITM_deregisterTMCloneTable                       /usr/lib/gcc/arm-none-eabi/9.2.1/thumb/v6-m/nofp/crtbegin.o
_ITM_registerTMCloneTable                         /usr/lib/gcc/arm-none-eabi/9.2.1/thumb/v6-m/nofp/crtbegin.o
__TMC_END__                                       /usr/lib/gcc/arm-none-eabi/9.2.1/thumb/v6-m/nofp/crtend.o
                                                  /usr/lib/gcc/arm-none-eabi/9.2.1/thumb/v6-m/nofp/crtbegin.o
__aeabi_idiv                                      /usr/lib/gcc/arm-none-eabi/9.2.1/thumb/v6-m/nofp/libgcc.a(_divsi3.o)
                                                  build/main.o
__aeabi_idiv0                                     /usr/lib/gcc/arm-none-eabi/9.2.1/thumb/v6-m/nofp/libgcc.a(_dvmd_tls.o)
                                                  /usr/lib/gcc/arm-none-eabi/9.2.1/thumb/v6-m/nofp/libgcc.a(_divsi3.o)
                                                  /usr/lib/gcc/arm-none-eabi/9.2.1/thumb/v6-m/nofp/libgcc.a(_udivsi3.o)
__aeabi_idivmod                                   /usr/lib/gcc/arm-none-eabi/9.2.1/thumb/v6-m/nofp/libgcc.a(_divsi3.o)
__aeabi_ldiv0                                     /usr/lib/gcc/arm-none-eabi/9.2.1/thumb/v6-m/nofp/libgcc.a(_dvmd_tls.o)
__aeabi_uidiv                                     /usr/lib/gcc/arm-none-eabi/9.2.1/thumb/v6-m/nofp/libgcc.a(_udivsi3.o)
                                                  build/main.o
__aeabi_uidivmod                                  /usr/lib/gcc/arm-none-eabi/9.2.1/thumb/v6-m/nofp/libgcc.a(_udivsi3.o)
                                                  build/main.o
__atexit_dummy                                    /usr/lib/gcc/arm-none-eabi/9.2.1/../../../arm-none-eabi/lib/thumb/v6-m/nofp/libc_nano.a(lib_a-__atexit.o)
__bss_end__                                       /usr/lib/gcc/arm-none-eabi/9.2.1/../../../arm-none-eabi/lib/thumb/v6-m/nofp/crt0.o
__bss_start__                                     /usr/lib/gcc/arm-none-eabi/9.2.1/../../../arm-none-eabi/lib/thumb/v6-m/nofp/crt0.o
__call_exitprocs                                  /usr/lib/gcc/arm-none-eabi/9.2.1/../../../arm-none-eabi/lib/thumb/v6-m/nofp/libc_nano.a(lib_a-__call_atexit.o)
                                                  /usr/lib/gcc/arm-none-eabi/9.2.1/../../../arm-none-eabi/lib/thumb/v6-m/nofp/libc_nano.a(lib_a-__atexit.o)
                                                  /usr/lib/gcc/arm-none-eabi/9.2.1/../../../arm-none-eabi/lib/thumb/v6-m/nofp/libc_nano.a(lib_a-exit.o)
__deregister_frame_info                           /usr/lib/gcc/arm-none-eabi/9.2.1/thumb/v6-m/nofp/crtbegin.o
__divsi3                                          /usr/lib/gcc/arm-none-eabi/9.2.1/thumb/v6-m/nofp/libgcc.a(_divsi3.o)
__dso_handle                                      /usr/lib/gcc/arm-none-eabi/9.2.1/thumb/v6-m/nofp/crtbegin.o
__fini_array_end                                  /usr/lib/gcc/arm-none-eabi/9.2.1/../../../arm-none-eabi/lib/thumb/v6-m/nofp/libc_nano.a(lib_a-fini.o)
__fini_array_start                                /usr/lib/gcc/arm-none-eabi/9.2.1/../../../arm-none-eabi/lib/thumb/v6-m/nofp/libc_nano.a(lib_a-fini.o)
__gnu_thumb1_case_uqi                             /usr/lib/gcc/arm-none-eabi/9.2.1/thumb/v6-m/nofp/libgcc.a(_thumb1_case_uqi.o)
                                                  build/main.o
__init_array_end                                  /usr/lib/gcc/arm-none-eabi/9.2.1/../../../arm-none-eabi/lib/thumb/v6-m/nofp/libc_nano.a(lib_a-init.o)
__init_array_start                                /usr/lib/gcc/arm-none-eabi/9.2.1/../../../arm-none-eabi/lib/thumb/v6-m/nofp/libc_nano.a(lib_a-init.o)
__libc_fini_array                                 /usr/lib/gcc/arm-none-eabi/9.2.1/../../../arm-none-eabi/lib/thumb/v6-m/nofp/libc_nano.a(lib_a-fini.o)
                                                  /usr/lib/gcc/arm-none-eabi/9.2.1/../../../arm-none-eabi/lib/thumb/v6-m/nofp/crt0.o
__libc_init_array                                 /usr/lib/gcc/arm-none-eabi/9.2.1/../../../arm-none-eabi/lib/thumb/v6-m/nofp/libc_nano.a(lib_a-init.o)
                                                  build/startup_stm32f030x6.o
                                                  /usr/lib/gcc/arm-none-eabi/9.2.1/../../../arm-none-eabi/lib/thumb/v6-m/nofp/crt0.o
__on_exit_args                                    /usr/lib/gcc/arm-none-eabi/9.2.1/../../../arm-none-eabi/lib/thumb/v6-m/nofp/libc_nano.a(lib_a-__atexit.o)
__preinit_array_end                               /usr/lib/gcc/arm-none-eabi/9.2.1/../../../arm-none-eabi/lib/thumb/v6-m/nofp/libc_nano.a(lib_a-init.o)
__preinit_array_start                             /usr/lib/gcc/arm-none-eabi/9.2.1/../../../arm-none-eabi/lib/thumb/v6-m/nofp/libc_nano.a(lib_a-init.o)
__register_exitproc                               /usr/lib/gcc/arm-none-eabi/9.2.1/../../../arm-none-eabi/lib/thumb/v6-m/nofp/libc_nano.a(lib_a-__atexit.o)
                                                  /usr/lib/gcc/arm-none-eabi/9.2.1/../../../arm-none-eabi/lib/thumb/v6-m/nofp/libc_nano.a(lib_a-atexit.o)
__register_frame_info                             /usr/lib/gcc/arm-none-eabi/9.2.1/thumb/v6-m/nofp/crtbegin.o
__sf_fake_stderr                                  /usr/lib/gcc/arm-none-eabi/9.2.1/../../../arm-none-eabi/lib/thumb/v6-m/nofp/libc_nano.a(lib_a-impure.o)
__sf_fake_stdin                                   /usr/lib/gcc/arm-none-eabi/9.2.1/../../../arm-none-eabi/lib/thumb/v6-m/nofp/libc_nano.a(lib_a-impure.o)
__sf_fake_stdout                                  /usr/lib/gcc/arm-none-eabi/9.2.1/../../../arm-none-eabi/lib/thumb/v6-m/nofp/libc_nano.a(lib_a-impure.o)
__stack                                           /usr/lib/gcc/arm-none-eabi/9.2.1/../../../arm-none-eabi/lib/thumb/v6-m/nofp/crt0.o
__udivsi3                                         /usr/lib/gcc/arm-none-eabi/9.2.1/thumb/v6-m/nofp/libgcc.a(_udivsi3.o)
_ebss                                             build/startup_stm32f030x6.o
_edata                                            build/startup_stm32f030x6.o
_estack                                           build/startup_stm32f030x6.o
_exit                                             /usr/lib/gcc/arm-none-eabi/9.2.1/../../../arm-none-eabi/lib/thumb/v6-m/nofp/libnosys.a(_exit.o)
                                                  /usr/lib/gcc/arm-none-eabi/9.2.1/../../../arm-none-eabi/lib/thumb/v6-m/nofp/libc_nano.a(lib_a-exit.o)
_fini                                             /usr/lib/gcc/arm-none-eabi/9.2.1/thumb/v6-m/nofp/crti.o
                                                  /usr/lib/gcc/arm-none-eabi/9.2.1/../../../arm-none-eabi/lib/thumb/v6-m/nofp/libc_nano.a(lib_a-fini.o)
_global_atexit                                    /usr/lib/gcc/arm-none-eabi/9.2.1/../../../arm-none-eabi/lib/thumb/v6-m/nofp/libc_nano.a(lib_a-__call_atexit.o)
                                                  /usr/lib/gcc/arm-none-eabi/9.2.1/../../../arm-none-eabi/lib/thumb/v6-m/nofp/libc_nano.a(lib_a-__atexit.o)
_global_impure_ptr                                /usr/lib/gcc/arm-none-eabi/9.2.1/../../../arm-none-eabi/lib/thumb/v6-m/nofp/libc_nano.a(lib_a-impure.o)
                                                  /usr/lib/gcc/arm-none-eabi/9.2.1/../../../arm-none-eabi/lib/thumb/v6-m/nofp/libc_nano.a(lib_a-exit.o)
_impure_ptr                                       /usr/lib/gcc/arm-none-eabi/9.2.1/../../../arm-none-eabi/lib/thumb/v6-m/nofp/libc_nano.a(lib_a-impure.o)
_init                                             /usr/lib/gcc/arm-none-eabi/9.2.1/thumb/v6-m/nofp/crti.o
                                                  /usr/lib/gcc/arm-none-eabi/9.2.1/../../../arm-none-eabi/lib/thumb/v6-m/nofp/libc_nano.a(lib_a-init.o)
_mainCRTStartup                                   /usr/lib/gcc/arm-none-eabi/9.2.1/../../../arm-none-eabi/lib/thumb/v6-m/nofp/crt0.o
_sbss                                             build/startup_stm32f030x6.o
_sdata                                            build/startup_stm32f030x6.o
_sidata                                           build/startup_stm32f030x6.o
_stack_init                                       /usr/lib/gcc/arm-none-eabi/9.2.1/../../../arm-none-eabi/lib/thumb/v6-m/nofp/crt0.o
_start                                            /usr/lib/gcc/arm-none-eabi/9.2.1/../../../arm-none-eabi/lib/thumb/v6-m/nofp/crt0.o
atexit                                            /usr/lib/gcc/arm-none-eabi/9.2.1/../../../arm-none-eabi/lib/thumb/v6-m/nofp/libc_nano.a(lib_a-atexit.o)
                                                  /usr/lib/gcc/arm-none-eabi/9.2.1/../../../arm-none-eabi/lib/thumb/v6-m/nofp/crt0.o
auto& PWM::make<(mcu::Periph)17, mcu::Pin_<(mcu::Periph)3, 8> >(unsigned short) build/main.o
exit                                              /usr/lib/gcc/arm-none-eabi/9.2.1/../../../arm-none-eabi/lib/thumb/v6-m/nofp/libc_nano.a(lib_a-exit.o)
                                                  /usr/lib/gcc/arm-none-eabi/9.2.1/../../../arm-none-eabi/lib/thumb/v6-m/nofp/crt0.o
g_pfnVectors                                      build/startup_stm32f030x6.o
guard variable for PWM::make<(mcu::Periph)17, mcu::Pin_<(mcu::Periph)3, 8> >(unsigned short)::pwm build/main.o
guard variable for Pin::make<mcu::Pin_<(mcu::Periph)3, 15>, (mcu::PinMode)1>()::pin build/main.o
guard variable for Pin::make<mcu::Pin_<(mcu::Periph)3, 6>, (mcu::PinMode)1>()::pin build/main.o
guard variable for Pin::make<mcu::Pin_<(mcu::Periph)3, 7>, (mcu::PinMode)1>()::pin build/main.o
guard variable for Pin::make<mcu::Pin_<(mcu::Periph)3, 8>, (mcu::PinMode)5>()::pin build/main.o
guard variable for Pin::make<mcu::Pin_<(mcu::Periph)4, 0>, (mcu::PinMode)1>()::pin build/main.o
guard variable for Pin::make<mcu::Pin_<(mcu::Periph)4, 10>, (mcu::PinMode)1>()::pin build/main.o
guard variable for Pin::make<mcu::Pin_<(mcu::Periph)4, 11>, (mcu::PinMode)1>()::pin build/main.o
guard variable for Pin::make<mcu::Pin_<(mcu::Periph)4, 12>, (mcu::PinMode)1>()::pin build/main.o
guard variable for Pin::make<mcu::Pin_<(mcu::Periph)4, 1>, (mcu::PinMode)1>()::pin build/main.o
guard variable for Pin::make<mcu::Pin_<(mcu::Periph)4, 2>, (mcu::PinMode)1>()::pin build/main.o
guard variable for Pin::make<mcu::Pin_<(mcu::Periph)4, 3>, (mcu::PinMode)1>()::pin build/main.o
guard variable for Pin::make<mcu::Pin_<(mcu::Periph)4, 6>, (mcu::PinMode)1>()::pin build/main.o
guard variable for Pin::make<mcu::Pin_<(mcu::Periph)4, 7>, (mcu::PinMode)1>()::pin build/main.o
guard variable for Pin::make<mcu::Pin_<(mcu::Periph)4, 8>, (mcu::PinMode)1>()::pin build/main.o
guard variable for Pin::make<mcu::Pin_<(mcu::Periph)4, 9>, (mcu::PinMode)1>()::pin build/main.o
hardware_init_hook                                /usr/lib/gcc/arm-none-eabi/9.2.1/../../../arm-none-eabi/lib/thumb/v6-m/nofp/crt0.o
heap                                              build/main.o
init_clock                                        build/main.o
                                                  build/startup_stm32f030x6.o
interrupt_DMA1_channel1                           build/main.o
interrupt_DMA1_channel2                           build/main.o
interrupt_DMA1_channel3                           build/main.o
interrupt_DMA1_channel4                           build/main.o
interrupt_DMA1_channel5                           build/main.o
interrupt_EXTI0                                   build/main.o
interrupt_EXTI1                                   build/main.o
interrupt_EXTI10                                  build/main.o
interrupt_EXTI11                                  build/main.o
interrupt_EXTI12                                  build/main.o
interrupt_EXTI13                                  build/main.o
interrupt_EXTI14                                  build/main.o
interrupt_EXTI15                                  build/main.o
interrupt_EXTI2                                   build/main.o
interrupt_EXTI3                                   build/main.o
interrupt_EXTI4                                   build/main.o
interrupt_EXTI5                                   build/main.o
interrupt_EXTI6                                   build/main.o
interrupt_EXTI7                                   build/main.o
interrupt_EXTI8                                   build/main.o
interrupt_EXTI9                                   build/main.o
interrupt_rtc                                     build/main.o
interrupt_spi1                                    build/main.o
interrupt_tim1                                    build/main.o
interrupt_tim3                                    build/main.o
interrupt_usart1                                  build/main.o
main                                              build/main.o
                                                  build/startup_stm32f030x6.o
                                                  /usr/lib/gcc/arm-none-eabi/9.2.1/../../../arm-none-eabi/lib/thumb/v6-m/nofp/crt0.o
malloc                                            /usr/lib/gcc/arm-none-eabi/9.2.1/../../../arm-none-eabi/lib/thumb/v6-m/nofp/libc_nano.a(lib_a-__atexit.o)
mcu::DMA::clear_interrupt_flags(mcu::DMA::Channel) build/main.o
mcu::DMA::is_transfer_complete_interrupt(mcu::DMA::Channel) build/main.o
mcu::EXTI::clear_interrupt_flags(int)             build/main.o
mcu::EXTI::set_trigger(mcu::EXTI::Edge, int, bool) build/main.o
mcu::EXTI::toggle_trigger(mcu::EXTI::Edge, int)   build/main.o
mcu::FLASH::start_erase(mcu::FLASH::Sector)       build/main.o
mcu::FLASH::unlock()                              build/main.o
mcu::TIM::compare_disable(mcu::TIM::Channel)      build/main.o
mcu::TIM::compare_enable(mcu::TIM::Channel)       build/main.o
mcu::TIM::interrupt_enable(mcu::TIM::Channel)     build/main.o
mcu::TIM::is_compare(mcu::TIM::Channel)           build/main.o
mcu::TIM::set_compare(mcu::TIM::Channel, unsigned long) build/main.o
mcu::USART::set(mcu::USART::Baudrate, mcu::Periph) build/main.o
memset                                            /usr/lib/gcc/arm-none-eabi/9.2.1/../../../arm-none-eabi/lib/thumb/v6-m/nofp/libc_nano.a(lib_a-memset.o)
                                                  build/main.o
                                                  /usr/lib/gcc/arm-none-eabi/9.2.1/../../../arm-none-eabi/lib/thumb/v6-m/nofp/crt0.o
meta::tuple_generate_impl<Pin&, std::integer_sequence<unsigned int, __integer_pack(6), __integer_pack(6), __integer_pack(6), __integer_pack(6), __integer_pack(6), __integer_pack(6)> >::type make_pins<(mcu::PinMode)1, mcu::Pin_<(mcu::Periph)4, 3>, mcu::Pin_<(mcu::Periph)3, 15>, mcu::Pin_<(mcu::Periph)4, 9>, mcu::Pin_<(mcu::Periph)4, 8>, mcu::Pin_<(mcu::Periph)4, 7>, mcu::Pin_<(mcu::Periph)4, 6> >() build/main.o
meta::tuple_generate_impl<Pin&, std::integer_sequence<unsigned int, __integer_pack(7), __integer_pack(7), __integer_pack(7), __integer_pack(7), __integer_pack(7), __integer_pack(7), __integer_pack(7)> >::type make_pins<(mcu::PinMode)1, mcu::Pin_<(mcu::Periph)3, 6>, mcu::Pin_<(mcu::Periph)3, 7>, mcu::Pin_<(mcu::Periph)4, 0>, mcu::Pin_<(mcu::Periph)4, 1>, mcu::Pin_<(mcu::Periph)4, 2>, mcu::Pin_<(mcu::Periph)4, 10>, mcu::Pin_<(mcu::Periph)4, 11> >() build/main.o
software_init_hook                                /usr/lib/gcc/arm-none-eabi/9.2.1/../../../arm-none-eabi/lib/thumb/v6-m/nofp/crt0.o
tickUpdater                                       build/main.o
vtable for ADC_average                            build/main.o
vtable for Buzzer                                 build/main.o
vtable for SSI<mcu::Pin_<(mcu::Periph)3, 6>, mcu::Pin_<(mcu::Periph)3, 7>, mcu::Pin_<(mcu::Periph)4, 0>, mcu::Pin_<(mcu::Periph)4, 1>, mcu::Pin_<(mcu::Periph)4, 2>, mcu::Pin_<(mcu::Periph)4, 10>, mcu::Pin_<(mcu::Periph)4, 11>, mcu::Pin_<(mcu::Periph)4, 12>, mcu::Pin_<(mcu::Periph)4, 3>, mcu::Pin_<(mcu::Periph)3, 15>, mcu::Pin_<(mcu::Periph)4, 9>, mcu::Pin_<(mcu::Periph)4, 8>, mcu::Pin_<(mcu::Periph)4, 7>, mcu::Pin_<(mcu::Periph)4, 6> > build/main.o
vtable for Timer                                  build/main.o
